Component: ARM Compiler 5.06 update 7 (build 960) Tool: armlink [4d3601]

==============================================================================

Section Cross References

    main.o(i.main) refers to serialdebug.o(i.SerialDebug_Init) for SerialDebug_Init
    main.o(i.main) refers to led.o(i.led_init) for led_init
    main.o(i.main) refers to motor.o(i.motor_init) for motor_init
    main.o(i.main) refers to serial_openmv.o(i.openmv_init) for openmv_init
    main.o(i.main) refers to key.o(i.key_init) for key_init
    main.o(i.main) refers to motor_covering_round.o(i.motor_covering_round_init) for motor_covering_round_init
    main.o(i.main) refers to pump.o(i.pump_init) for pump_init
    main.o(i.main) refers to servos_body.o(i.servos_body_init) for servos_body_init
    main.o(i.main) refers to servos_covering.o(i.servos_covering_init) for servos_covering_init
    main.o(i.main) refers to servos_body.o(i.servos_body_off) for servos_body_off
    main.o(i.main) refers to servos_covering.o(i.servos_covering_off) for servos_covering_off
    main.o(i.main) refers to pump.o(i.pump_off) for pump_off
    main.o(i.main) refers to motor_covering_round.o(i.motor_covering_round_off) for motor_covering_round_off
    main.o(i.main) refers to position.o(i.position_initialize) for position_initialize
    main.o(i.main) refers to key.o(i.key_read_color_plate_and_color_bottle) for key_read_color_plate_and_color_bottle
    main.o(i.main) refers to rt_memcpy_w.o(.text) for __aeabi_memcpy4
    main.o(i.main) refers to motor.o(i.motor_move_position) for motor_move_position
    main.o(i.main) refers to delay.o(i.Delay_ms) for Delay_ms
    main.o(i.main) refers to serial_openmv.o(i.openmv_send) for openmv_send
    main.o(i.main) refers to serial_openmv.o(i.openmv_read) for openmv_read
    main.o(i.main) refers to dflt_clz.o(x$fpl$dflt) for __aeabi_i2d
    main.o(i.main) refers to daddsub_clz.o(x$fpl$dadd) for __aeabi_dadd
    main.o(i.main) refers to daddsub_clz.o(x$fpl$dsub) for __aeabi_dsub
    main.o(i.main) refers to d2f.o(x$fpl$d2f) for __aeabi_d2f
    main.o(i.main) refers to fflt_clz.o(x$fpl$fflt) for __aeabi_i2f
    main.o(i.main) refers to frleqf.o(x$fpl$frleqf) for __aeabi_cfrcmple
    main.o(i.main) refers to fmul.o(x$fpl$fmul) for __aeabi_fmul
    main.o(i.main) refers to pump.o(i.pump_on) for pump_on
    main.o(i.main) refers to f2d.o(x$fpl$f2d) for __aeabi_f2d
    main.o(i.main) refers to faddsub_clz.o(x$fpl$fsub) for __aeabi_fsub
    main.o(i.main) refers to dflt_clz.o(x$fpl$dfltu) for __aeabi_ui2d
    main.o(i.main) refers to daddsub_clz.o(x$fpl$drsb) for __aeabi_drsub
    main.o(i.main) refers to main.o(.data) for motor_x_moved_flag
    main.o(i.main) refers to main.o(.bss) for serial_motor_buffer
    main.o(i.main) refers to main.o(i.motor_inter_get_flag_arrive) for motor_inter_get_flag_arrive
    main.o(i.main) refers to main.o(i.motor_inter_get_flag_set0) for motor_inter_get_flag_set0
    main.o(i.main) refers to main.o(i.motor_move_x) for motor_move_x
    main.o(i.main) refers to main.o(i.motor_move_y) for motor_move_y
    main.o(i.main) refers to main.o(i.motor_move_z) for motor_move_z
    main.o(i.main) refers to main.o(.constdata) for .constdata
    main.o(i.main) refers to motor.o(i.motor_set0) for motor_set0
    main.o(i.main) refers to motor.o(i.motor_get_flag_set0) for motor_get_flag_set0
    main.o(i.motor_inter_get_flag_arrive) refers to motor.o(i.motor_get_flag_arrive) for motor_get_flag_arrive
    main.o(i.motor_inter_get_flag_arrive) refers to main.o(.data) for motor_x_moved_flag
    main.o(i.motor_inter_get_flag_set0) refers to motor.o(i.motor_get_flag_set0) for motor_get_flag_set0
    main.o(i.motor_move_x) refers to fmul.o(x$fpl$fmul) for __aeabi_fmul
    main.o(i.motor_move_x) refers to ffixu.o(x$fpl$ffixu) for __aeabi_f2uiz
    main.o(i.motor_move_x) refers to motor.o(i.motor_move_position) for motor_move_position
    main.o(i.motor_move_x) refers to main.o(.data) for motor_x_moved_flag
    main.o(i.motor_move_y) refers to fmul.o(x$fpl$fmul) for __aeabi_fmul
    main.o(i.motor_move_y) refers to ffixu.o(x$fpl$ffixu) for __aeabi_f2uiz
    main.o(i.motor_move_y) refers to motor.o(i.motor_move_position) for motor_move_position
    main.o(i.motor_move_y) refers to main.o(.data) for motor_y_moved_flag
    main.o(i.motor_move_z) refers to fmul.o(x$fpl$fmul) for __aeabi_fmul
    main.o(i.motor_move_z) refers to ffixu.o(x$fpl$ffixu) for __aeabi_f2uiz
    main.o(i.motor_move_z) refers to motor.o(i.motor_move_position) for motor_move_position
    main.o(i.motor_move_z) refers to main.o(.data) for motor_z_moved_flag
    startup_stm32f10x_md.o(STACK) refers (Special) to heapauxi.o(.text) for __use_two_region_memory
    startup_stm32f10x_md.o(HEAP) refers (Special) to heapauxi.o(.text) for __use_two_region_memory
    startup_stm32f10x_md.o(RESET) refers (Special) to heapauxi.o(.text) for __use_two_region_memory
[...]
    ../clib/heapalloc.c                      0x00000000   Number         0  maybetermalloc1.o ABSOLUTE
    ../clib/heapalloc.c                      0x00000000   Number         0  maybetermalloc2.o ABSOLUTE
    ../clib/heapalloc.c                      0x00000000   Number         0  maybetermalloc2.o ABSOLUTE
    ../clib/heapalloc.c                      0x00000000   Number         0  term_alloc.o ABSOLUTE
    ../clib/heapalloc.c                      0x00000000   Number         0  malloc.o ABSOLUTE
    ../clib/heapalloc.c                      0x00000000   Number         0  init_alloc.o ABSOLUTE
    ../clib/heapalloc.c                      0x00000000   Number         0  hguard.o ABSOLUTE
    ../clib/heapalloc.c                      0x00000000   Number         0  free.o ABSOLUTE
    ../clib/heapaux.c                        0x00000000   Number         0  heapauxi.o ABSOLUTE
    ../clib/heapaux.c                        0x00000000   Number         0  heapauxa.o ABSOLUTE
    ../clib/libinit.s                        0x00000000   Number         0  libshutdown.o ABSOLUTE
    ../clib/libinit.s                        0x00000000   Number         0  libshutdown2.o ABSOLUTE
    ../clib/libinit.s                        0x00000000   Number         0  libinit2.o ABSOLUTE
    ../clib/libinit.s                        0x00000000   Number         0  libinit.o ABSOLUTE
    ../clib/memcpset.s                       0x00000000   Number         0  rt_memcpy_w.o ABSOLUTE
    ../clib/signal.c                         0x00000000   Number         0  defsig_other.o ABSOLUTE
    ../clib/signal.c                         0x00000000   Number         0  defsig_rtmem_inner.o ABSOLUTE
    ../clib/signal.c                         0x00000000   Number         0  defsig_segv_inner.o ABSOLUTE
    ../clib/signal.c                         0x00000000   Number         0  defsig_cppl_inner.o ABSOLUTE
    ../clib/signal.c                         0x00000000   Number         0  defsig_pvfn_inner.o ABSOLUTE
    ../clib/signal.c                         0x00000000   Number         0  __raise.o ABSOLUTE
    ../clib/signal.c                         0x00000000   Number         0  defsig_stak_inner.o ABSOLUTE
    ../clib/signal.c                         0x00000000   Number         0  defsig_general.o ABSOLUTE
    ../clib/signal.c                         0x00000000   Number         0  defsig_rtmem_formal.o ABSOLUTE
    ../clib/signal.c                         0x00000000   Number         0  defsig_rtred_inner.o ABSOLUTE
    ../clib/signal.c                         0x00000000   Number         0  defsig_fpe_inner.o ABSOLUTE
    ../clib/signal.c                         0x00000000   Number         0  defsig_abrt_inner.o ABSOLUTE
    ../clib/signal.c                         0x00000000   Number         0  defsig_exit.o ABSOLUTE
    ../clib/signal.c                         0x00000000   Number         0  defsig_rtmem_outer.o ABSOLUTE
    ../clib/signal.s                         0x00000000   Number         0  defsig.o ABSOLUTE
    ../clib/stdlib.c                         0x00000000   Number         0  exit.o ABSOLUTE
    ../fplib/d2f.s                           0x00000000   Number         0  d2f.o ABSOLUTE
    ../fplib/daddsub.s                       0x00000000   Number         0  daddsub_clz.o ABSOLUTE
    ../fplib/dflt.s                          0x00000000   Number         0  dflt_clz.o ABSOLUTE
    ../fplib/dnaninf.s                       0x00000000   Number         0  dnaninf.o ABSOLUTE
    ../fplib/dretinf.s                       0x00000000   Number         0  dretinf.o ABSOLUTE
    ../fplib/f2d.s                           0x00000000   Number         0  f2d.o ABSOLUTE
    ../fplib/faddsub.s                       0x00000000   Number         0  faddsub_clz.o ABSOLUTE
    ../fplib/fcmpi.s                         0x00000000   Number         0  fcmpi.o ABSOLUTE
    ../fplib/ffix.s                          0x00000000   Number         0  ffix.o ABSOLUTE
    ../fplib/ffixu.s                         0x00000000   Number         0  ffixu.o ABSOLUTE
    ../fplib/fflt.s                          0x00000000   Number         0  fflt_clz.o ABSOLUTE
    ../fplib/fleqf.s                         0x00000000   Number         0  fleqf.o ABSOLUTE
    ../fplib/fmul.s                          0x00000000   Number         0  fmul.o ABSOLUTE
    ../fplib/fnaninf.s                       0x00000000   Number         0  fnaninf.o ABSOLUTE
    ../fplib/fpinit.s                        0x00000000   Number         0  fpinit.o ABSOLUTE
    ../fplib/fretinf.s                       0x00000000   Number         0  fretinf.o ABSOLUTE
    ../fplib/frleqf.s                        0x00000000   Number         0  frleqf.o ABSOLUTE
    ../fplib/usenofp.s                       0x00000000   Number         0  usenofp.o ABSOLUTE
    Hardware\key.c                           0x00000000   Number         0  key.o ABSOLUTE
    Hardware\led.c                           0x00000000   Number         0  led.o ABSOLUTE
    Hardware\motor.c                         0x00000000   Number         0  motor.o ABSOLUTE
    Hardware\motor_covering_round.c          0x00000000   Number         0  motor_covering_round.o ABSOLUTE
    Hardware\pump.c                          0x00000000   Number         0  pump.o ABSOLUTE
    Hardware\serial_openmv.c                 0x00000000   Number         0  serial_openmv.o ABSOLUTE
    Hardware\servos_body.c                   0x00000000   Number         0  servos_body.o ABSOLUTE
    Hardware\servos_covering.c               0x00000000   Number         0  servos_covering.o ABSOLUTE
    Library\misc.c                           0x00000000   Number         0  misc.o ABSOLUTE
    Library\stm32f10x_adc.c                  0x00000000   Number         0  stm32f10x_adc.o ABSOLUTE
    Library\stm32f10x_bkp.c                  0x00000000   Number         0  stm32f10x_bkp.o ABSOLUTE
    Library\stm32f10x_can.c                  0x00000000   Number         0  stm32f10x_can.o ABSOLUTE
    Library\stm32f10x_cec.c                  0x00000000   Number         0  stm32f10x_cec.o ABSOLUTE
    Library\stm32f10x_crc.c                  0x00000000   Number         0  stm32f10x_crc.o ABSOLUTE
    Library\stm32f10x_dac.c                  0x00000000   Number         0  stm32f10x_dac.o ABSOLUTE
    Library\stm32f10x_dbgmcu.c               0x00000000   Number         0  stm32f10x_dbgmcu.o ABSOLUTE
    Library\stm32f10x_dma.c                  0x00000000   Number         0  stm32f10x_dma.o ABSOLUTE
    Library\stm32f10x_exti.c                 0x00000000   Number         0  stm32f10x_exti.o ABSOLUTE
    Library\stm32f10x_flash.c                0x00000000   Number         0  stm32f10x_flash.o ABSOLUTE
    Library\stm32f10x_fsmc.c                 0x00000000   Number         0  stm32f10x_fsmc.o ABSOLUTE
    Library\stm32f10x_gpio.c                 0x00000000   Number         0  stm32f10x_gpio.o ABSOLUTE
    Library\stm32f10x_i2c.c                  0x00000000   Number         0  stm32f10x_i2c.o ABSOLUTE
    Library\stm32f10x_iwdg.c                 0x00000000   Number         0  stm32f10x_iwdg.o ABSOLUTE
    Library\stm32f10x_pwr.c                  0x00000000   Number         0  stm32f10x_pwr.o ABSOLUTE
    Library\stm32f10x_rcc.c                  0x00000000   Number         0  stm32f10x_rcc.o ABSOLUTE
    Library\stm32f10x_rtc.c                  0x00000000   Number         0  stm32f10x_rtc.o ABSOLUTE
    Library\stm32f10x_sdio.c                 0x00000000   Number         0  stm32f10x_sdio.o ABSOLUTE
    Library\stm32f10x_spi.c                  0x00000000   Number         0  stm32f10x_spi.o ABSOLUTE
    Library\stm32f10x_tim.c                  0x00000000   Number         0  stm32f10x_tim.o ABSOLUTE
    Library\stm32f10x_usart.c                0x00000000   Number         0  stm32f10x_usart.o ABSOLUTE
    Library\stm32f10x_wwdg.c                 0x00000000   Number         0  stm32f10x_wwdg.o ABSOLUTE
    MiddleWare\position.c                    0x00000000   Number         0  position.o ABSOLUTE
    Start\\core_cm3.c                        0x00000000   Number         0  core_cm3.o ABSOLUTE
    Start\core_cm3.c                         0x00000000   Number         0  core_cm3.o ABSOLUTE
    Start\startup_stm32f10x_md.s             0x00000000   Number         0  startup_stm32f10x_md.o ABSOLUTE
    Start\system_stm32f10x.c                 0x00000000   Number         0  system_stm32f10x.o ABSOLUTE
    System\OLED.c                            0x00000000   Number         0  oled.o ABSOLUTE
    System\SerialDebug.c                     0x00000000   Number         0  serialdebug.o ABSOLUTE
    System\delay.c                           0x00000000   Number         0  delay.o ABSOLUTE
    User\main.c                              0x00000000   Number         0  main.o ABSOLUTE
    User\stm32f10x_it.c                      0x00000000   Number         0  stm32f10x_it.o ABSOLUTE
    dc.s                                     0x00000000   Number         0  dc.o ABSOLUTE
    RESET                                    0x08000000   Section      236  startup_stm32f10x_md.o(RESET)
    !!!main                                  0x080000ec   Section        8  __main.o(!!!main)
    !!!scatter                               0x080000f4   Section       52  __scatter.o(!!!scatter)
    !!handler_copy                           0x08000128   Section       26  __scatter_copy.o(!!handler_copy)
    !!handler_zi                             0x08000144   Section       28  __scatter_zi.o(!!handler_zi)
    .ARM.Collect$$libinit$$00000000          0x08000160   Section        2  libinit.o(.ARM.Collect$$libinit$$00000000)
    .ARM.Collect$$libinit$$00000002          0x08000162   Section        0  libinit2.o(.ARM.Collect$$libinit$$00000002)
    .ARM.Collect$$libinit$$00000004          0x08000162   Section        0  libinit2.o(.ARM.Collect$$libinit$$00000004)
    .ARM.Collect$$libinit$$00000005          0x08000162   Section        8  libinit2.o(.ARM.Collect$$libinit$$00000005)
    .ARM.Collect$$libinit$$0000000A          0x0800016a   Section        0  libinit2.o(.ARM.Collect$$libinit$$0000000A)
    .ARM.Collect$$libinit$$0000000C          0x0800016a   Section        0  libinit2.o(.ARM.Collect$$libinit$$0000000C)
    .ARM.Collect$$libinit$$0000000E          0x0800016a   Section        0  libinit2.o(.ARM.Collect$$libinit$$0000000E)
    .ARM.Collect$$libinit$$00000011          0x0800016a   Section        0  libinit2.o(.ARM.Collect$$libinit$$00000011)
    .ARM.Collect$$libinit$$00000013          0x0800016a   Section        0  libinit2.o(.ARM.Collect$$libinit$$00000013)
    .ARM.Collect$$libinit$$00000015          0x0800016a   Section        0  libinit2.o(.ARM.Collect$$libinit$$00000015)
    .ARM.Collect$$libinit$$00000017          0x0800016a   Section        0  libinit2.o(.ARM.Collect$$libinit$$00000017)
    .ARM.Collect$$libinit$$00000019          0x0800016a   Section        0  libinit2.o(.ARM.Collect$$libinit$$00000019)
    .ARM.Collect$$libinit$$0000001B          0x0800016a   Section        0  libinit2.o(.ARM.Collect$$libinit$$0000001B)
    .ARM.Collect$$libinit$$0000001D          0x0800016a   Section        0  libinit2.o(.ARM.Collect$$libinit$$0000001D)
    .ARM.Collect$$libinit$$0000001F          0x0800016a   Section        0  libinit2.o(.ARM.Collect$$libinit$$0000001F)
    .ARM.Collect$$libinit$$00000021          0x0800016a   Section        0  libinit2.o(.ARM.Collect$$libinit$$00000021)
    .ARM.Collect$$libinit$$00000023          0x0800016a   Section        0  libinit2.o(.ARM.Collect$$libinit$$00000023)
    .ARM.Collect$$libinit$$00000025          0x0800016a   Section        0  libinit2.o(.ARM.Collect$$libinit$$00000025)
    .ARM.Collect$$libinit$$0000002C          0x0800016a   Section        0  libinit2.o(.ARM.Collect$$libinit$$0000002C)
    .ARM.Collect$$libinit$$0000002E          0x0800016a   Section        0  libinit2.o(.ARM.Collect$$libinit$$0000002E)
    .ARM.Collect$$libinit$$00000030          0x0800016a   Section        0  libinit2.o(.ARM.Collect$$libinit$$00000030)
    .ARM.Collect$$libinit$$00000032          0x0800016a   Section        0  libinit2.o(.ARM.Collect$$libinit$$00000032)
    .ARM.Collect$$libinit$$00000033          0x0800016a   Section        2  libinit2.o(.ARM.Collect$$libinit$$00000033)
    .ARM.Collect$$libshutdown$$00000000      0x0800016c   Section        2  libshutdown.o(.ARM.Collect$$libshutdown$$00000000)
    .ARM.Collect$$libshutdown$$00000002      0x0800016e   Section        0  libshutdown2.o(.ARM.Collect$$libshutdown$$00000002)
    .ARM.Collect$$libshutdown$$00000004      0x0800016e   Section        0  libshutdown2.o(.ARM.Collect$$libshutdown$$00000004)
    .ARM.Collect$$libshutdown$$00000006      0x0800016e   Section        0  libshutdown2.o(.ARM.Collect$$libshutdown$$00000006)
    .ARM.Collect$$libshutdown$$00000009      0x0800016e   Section        0  libshutdown2.o(.ARM.Collect$$libshutdown$$00000009)
    .ARM.Collect$$libshutdown$$0000000C      0x0800016e   Section        0  libshutdown2.o(.ARM.Collect$$libshutdown$$0000000C)
    .ARM.Collect$$libshutdown$$0000000E      0x0800016e   Section        0  libshutdown2.o(.ARM.Collect$$libshutdown$$0000000E)
    .ARM.Collect$$libshutdown$$00000011      0x0800016e   Section        0  libshutdown2.o(.ARM.Collect$$libshutdown$$00000011)
    .ARM.Collect$$libshutdown$$00000012      0x0800016e   Section        2  libshutdown2.o(.ARM.Collect$$libshutdown$$00000012)
    .ARM.Collect$$rtentry$$00000000          0x08000170   Section        0  __rtentry.o(.ARM.Collect$$rtentry$$00000000)
    .ARM.Collect$$rtentry$$00000002          0x08000170   Section        0  __rtentry2.o(.ARM.Collect$$rtentry$$00000002)
    .ARM.Collect$$rtentry$$00000004          0x08000170   Section        6  __rtentry4.o(.ARM.Collect$$rtentry$$00000004)
    .ARM.Collect$$rtentry$$00000009          0x08000176   Section        0  __rtentry2.o(.ARM.Collect$$rtentry$$00000009)
    .ARM.Collect$$rtentry$$0000000A          0x08000176   Section        4  __rtentry2.o(.ARM.Collect$$rtentry$$0000000A)
    .ARM.Collect$$rtentry$$0000000C          0x0800017a   Section        0  __rtentry2.o(.ARM.Collect$$rtentry$$0000000C)
    .ARM.Collect$$rtentry$$0000000D          0x0800017a   Section        8  __rtentry2.o(.ARM.Collect$$rtentry$$0000000D)
    .ARM.Collect$$rtexit$$00000000           0x08000182   Section        2  rtexit.o(.ARM.Collect$$rtexit$$00000000)
    .ARM.Collect$$rtexit$$00000002           0x08000184   Section        0  rtexit2.o(.ARM.Collect$$rtexit$$00000002)
    .ARM.Collect$$rtexit$$00000003           0x08000184   Section        4  rtexit2.o(.ARM.Collect$$rtexit$$00000003)
    .ARM.Collect$$rtexit$$00000004           0x08000188   Section        6  rtexit2.o(.ARM.Collect$$rtexit$$00000004)
    .emb_text                                0x08000190   Section        0  maybetermalloc1.o(.emb_text)
    .text                                    0x08000190   Section       64  startup_stm32f10x_md.o(.text)
    .text                                    0x080001d0   Section        0  h1_alloc.o(.text)
    .text                                    0x0800022e   Section      100  rt_memcpy_w.o(.text)
    .text                                    0x08000292   Section        0  heapauxi.o(.text)
    .text                                    0x08000298   Section        8  rt_heap_descriptor_intlibspace.o(.text)
    .text                                    0x080002a0   Section        0  hguard.o(.text)
    .text                                    0x080002a4   Section        0  init_alloc.o(.text)
    .text                                    0x0800032e   Section        0  h1_init.o(.text)
    .text                                    0x0800033c   Section        0  h1_free.o(.text)
    .text                                    0x0800038c   Section        8  libspace.o(.text)
    .text                                    0x08000394   Section        0  h1_extend.o(.text)
    .text                                    0x080003c8   Section        0  defsig_rtmem_outer.o(.text)
    .text                                    0x080003d6   Section        2  use_no_semi.o(.text)
    .text                                    0x080003d8   Section        0  indicate_semi.o(.text)
    .text                                    0x080003d8   Section       74  sys_stackheap_outer.o(.text)
    .text                                    0x08000422   Section        0  exit.o(.text)
    .text                                    0x08000434   Section        0  defsig_exit.o(.text)
    .text                                    0x08000440   Section        0  defsig_rtmem_inner.o(.text)
    .text                                    0x08000490   Section        0  sys_exit.o(.text)
    .text                                    0x0800049c   Section        0  defsig_general.o(.text)
    .text                                    0x080004ce   Section        0  sys_wrch.o(.text)
    i.BusFault_Handler                       0x080004dc   Section        0  stm32f10x_it.o(i.BusFault_Handler)
    i.DebugMon_Handler                       0x080004e0   Section        0  stm32f10x_it.o(i.DebugMon_Handler)
    i.Delay_ms                               0x080004e2   Section        0  delay.o(i.Delay_ms)
    i.Delay_us                               0x080004fa   Section        0  delay.o(i.Delay_us)
    i.EXTI15_10_IRQHandler                   0x08000528   Section        0  key.o(i.EXTI15_10_IRQHandler)
    i.EXTI_GetITStatus                       0x080005c4   Section        0  stm32f10x_exti.o(i.EXTI_GetITStatus)
    i.EXTI_Init                              0x0800067c   Section        0  stm32f10x_exti.o(i.EXTI_Init)
    i.GPIO_EXTILineConfig                    0x08000788   Section        0  stm32f10x_gpio.o(i.GPIO_EXTILineConfig)
    i.GPIO_Init                              0x08000858   Section        0  stm32f10x_gpio.o(i.GPIO_Init)
    i.GPIO_ReadInputDataBit                  0x08000a0c   Section        0  stm32f10x_gpio.o(i.GPIO_ReadInputDataBit)
    i.GPIO_ResetBits                         0x08000af0   Section        0  stm32f10x_gpio.o(i.GPIO_ResetBits)
    i.GPIO_SetBits                           0x08000b7c   Section        0  stm32f10x_gpio.o(i.GPIO_SetBits)
    i.GetBufBitsNoRead                       0x08000c08   Section        0  motor.o(i.GetBufBitsNoRead)
    GetBufBitsNoRead                         0x08000c09   Thumb Code    26  motor.o(i.GetBufBitsNoRead)
    i.GetBufBitsNoRead                       0x08000c22   Section        0  serial_openmv.o(i.GetBufBitsNoRead)
    GetBufBitsNoRead                         0x08000c23   Thumb Code    26  serial_openmv.o(i.GetBufBitsNoRead)
    i.HardFault_Handler                      0x08000c3c   Section        0  stm32f10x_it.o(i.HardFault_Handler)
    i.MemManage_Handler                      0x08000c40   Section        0  stm32f10x_it.o(i.MemManage_Handler)
    i.NMI_Handler                            0x08000c44   Section        0  stm32f10x_it.o(i.NMI_Handler)
    i.NVIC_Init                              0x08000c48   Section        0  misc.o(i.NVIC_Init)
    i.NVIC_PriorityGroupConfig               0x08000d04   Section        0  misc.o(i.NVIC_PriorityGroupConfig)
    i.PendSV_Handler                         0x08000d54   Section        0  stm32f10x_it.o(i.PendSV_Handler)
    i.RCC_APB1PeriphClockCmd                 0x08000d58   Section        0  stm32f10x_rcc.o(i.RCC_APB1PeriphClockCmd)
    i.RCC_APB2PeriphClockCmd                 0x08000dc0   Section        0  stm32f10x_rcc.o(i.RCC_APB2PeriphClockCmd)
    i.RCC_GetClocksFreq                      0x08000e28   Section        0  stm32f10x_rcc.o(i.RCC_GetClocksFreq)
    i.SVC_Handler                            0x08000efc   Section        0  stm32f10x_it.o(i.SVC_Handler)
    i.SendByte                               0x08000f00   Section        0  motor.o(i.SendByte)
    SendByte                                 0x08000f01   Thumb Code    28  motor.o(i.SendByte)
    i.SendByte                               0x08000f20   Section        0  serial_openmv.o(i.SendByte)
    SendByte                                 0x08000f21   Thumb Code    28  serial_openmv.o(i.SendByte)
    i.SerialDebug_Init                       0x08000f40   Section        0  serialdebug.o(i.SerialDebug_Init)
    i.SetSysClock                            0x08000ff4   Section        0  system_stm32f10x.o(i.SetSysClock)
    SetSysClock                              0x08000ff5   Thumb Code     8  system_stm32f10x.o(i.SetSysClock)
    i.SetSysClockTo72                        0x08000ffc   Section        0  system_stm32f10x.o(i.SetSysClockTo72)
    SetSysClockTo72                          0x08000ffd   Thumb Code   214  system_stm32f10x.o(i.SetSysClockTo72)
    i.SysTick_Handler                        0x080010dc   Section        0  stm32f10x_it.o(i.SysTick_Handler)
    i.SystemInit                             0x080010e0   Section        0  system_stm32f10x.o(i.SystemInit)
    i.TIM_Cmd                                0x08001140   Section        0  stm32f10x_tim.o(i.TIM_Cmd)
    i.TIM_InternalClockConfig                0x0800123c   Section        0  stm32f10x_tim.o(i.TIM_InternalClockConfig)
    i.TIM_OC1Init                            0x080012c8   Section        0  stm32f10x_tim.o(i.TIM_OC1Init)
    i.TIM_OC2Init                            0x080014cc   Section        0  stm32f10x_tim.o(i.TIM_OC2Init)
    i.TIM_OC3Init                            0x080016ac   Section        0  stm32f10x_tim.o(i.TIM_OC3Init)
    i.TIM_OC4Init                            0x08001868   Section        0  stm32f10x_tim.o(i.TIM_OC4Init)
    i.TIM_OCStructInit                       0x080019b8   Section        0  stm32f10x_tim.o(i.TIM_OCStructInit)
    i.TIM_SetCompare1                        0x080019cc   Section        0  stm32f10x_tim.o(i.TIM_SetCompare1)
    i.TIM_SetCompare2                        0x08001a8c   Section        0  stm32f10x_tim.o(i.TIM_SetCompare2)
    i.TIM_SetCompare3                        0x08001b10   Section        0  stm32f10x_tim.o(i.TIM_SetCompare3)
    i.TIM_SetCompare4                        0x08001b78   Section        0  stm32f10x_tim.o(i.TIM_SetCompare4)
    i.TIM_TimeBaseInit                       0x08001be0   Section        0  stm32f10x_tim.o(i.TIM_TimeBaseInit)
    i.USART1_IRQHandler                      0x08001d6c   Section        0  motor.o(i.USART1_IRQHandler)
    i.USART2_IRQHandler                      0x08001db8   Section        0  serial_openmv.o(i.USART2_IRQHandler)
    i.USART3_IRQHandler                      0x08001e04   Section        0  serialdebug.o(i.USART3_IRQHandler)
    i.USART_ClearITPendingBit                0x08001e34   Section        0  stm32f10x_usart.o(i.USART_ClearITPendingBit)
    i.USART_Cmd                              0x08001efc   Section        0  stm32f10x_usart.o(i.USART_Cmd)
    i.USART_GetFlagStatus                    0x08001f88   Section        0  stm32f10x_usart.o(i.USART_GetFlagStatus)
    i.USART_GetITStatus                      0x08002058   Section        0  stm32f10x_usart.o(i.USART_GetITStatus)
    i.USART_ITConfig                         0x08002184   Section        0  stm32f10x_usart.o(i.USART_ITConfig)
    i.USART_Init                             0x080022ac   Section        0  stm32f10x_usart.o(i.USART_Init)
    i.USART_ReceiveData                      0x080024a4   Section        0  stm32f10x_usart.o(i.USART_ReceiveData)
    i.USART_SendData                         0x0800250c   Section        0  stm32f10x_usart.o(i.USART_SendData)
    i.UsageFault_Handler                     0x08002588   Section        0  stm32f10x_it.o(i.UsageFault_Handler)
    i.assert_failed                          0x0800258c   Section        0  main.o(i.assert_failed)
    i.get_flag_move                          0x08002590   Section        0  position.o(i.get_flag_move)
    get_flag_move                            0x08002591   Thumb Code    10  position.o(i.get_flag_move)
    i.get_flag_set0                          0x0800259a   Section        0  position.o(i.get_flag_set0)
    get_flag_set0                            0x0800259b   Thumb Code    10  position.o(i.get_flag_set0)
    i.get_position                           0x080025a4   Section        0  position.o(i.get_position)
    get_position                             0x080025a5   Thumb Code    20  position.o(i.get_position)
    i.key_init                               0x080025b8   Section        0  key.o(i.key_init)
    i.key_read_color_plate_and_color_bottle  0x0800268c   Section        0  key.o(i.key_read_color_plate_and_color_bottle)
    i.led_b_off                              0x080027d8   Section        0  led.o(i.led_b_off)
    i.led_b_on                               0x080027ec   Section        0  led.o(i.led_b_on)
    i.led_init                               0x08002800   Section        0  led.o(i.led_init)
    i.led_r_on                               0x08002864   Section        0  led.o(i.led_r_on)
    i.main                                   0x08002878   Section        0  main.o(i.main)
    i.motor_covering_round_init              0x08002e74   Section        0  motor_covering_round.o(i.motor_covering_round_init)
    i.motor_covering_round_off               0x08002f1c   Section        0  motor_covering_round.o(i.motor_covering_round_off)
    i.motor_get_flag_arrive                  0x08002f44   Section        0  motor.o(i.motor_get_flag_arrive)
    i.motor_get_flag_set0                    0x08002f5c   Section        0  motor.o(i.motor_get_flag_set0)
    i.motor_init                             0x08002f74   Section        0  motor.o(i.motor_init)
    i.motor_inter_get_flag_arrive            0x0800304c   Section        0  main.o(i.motor_inter_get_flag_arrive)
    i.motor_inter_get_flag_set0              0x080030b8   Section        0  main.o(i.motor_inter_get_flag_set0)
    i.motor_move_position                    0x080030d8   Section        0  motor.o(i.motor_move_position)
    i.motor_move_x                           0x08003144   Section        0  main.o(i.motor_move_x)
    i.motor_move_y                           0x08003180   Section        0  main.o(i.motor_move_y)
    i.motor_move_z                           0x080031bc   Section        0  main.o(i.motor_move_z)
    i.motor_read_get_flag_arrive             0x080031f8   Section        0  motor.o(i.motor_read_get_flag_arrive)
    motor_read_get_flag_arrive               0x080031f9   Thumb Code   136  motor.o(i.motor_read_get_flag_arrive)
    i.motor_read_get_flag_set0               0x08003284   Section        0  motor.o(i.motor_read_get_flag_set0)
    motor_read_get_flag_set0                 0x08003285   Thumb Code   146  motor.o(i.motor_read_get_flag_set0)
    i.motor_send_get_flag_arrive             0x0800331c   Section        0  motor.o(i.motor_send_get_flag_arrive)
    motor_send_get_flag_arrive               0x0800331d   Thumb Code    32  motor.o(i.motor_send_get_flag_arrive)
    i.motor_send_get_flag_set0               0x0800333c   Section        0  motor.o(i.motor_send_get_flag_set0)
    motor_send_get_flag_set0                 0x0800333d   Thumb Code    32  motor.o(i.motor_send_get_flag_set0)
    i.motor_set0                             0x0800335c   Section        0  motor.o(i.motor_set0)
    i.motor_stop                             0x08003388   Section        0  motor.o(i.motor_stop)
    i.move_to_xy                             0x080033b4   Section        0  position.o(i.move_to_xy)
    move_to_xy                               0x080033b5   Thumb Code   130  position.o(i.move_to_xy)
    i.move_to_z                              0x0800343c   Section        0  position.o(i.move_to_z)
    move_to_z                                0x0800343d   Thumb Code    72  position.o(i.move_to_z)
    i.move_x                                 0x08003488   Section        0  position.o(i.move_x)
    move_x                                   0x08003489   Thumb Code   156  position.o(i.move_x)
    i.move_y                                 0x08003524   Section        0  position.o(i.move_y)
    move_y                                   0x08003525   Thumb Code   156  position.o(i.move_y)
    i.move_z                                 0x080035c0   Section        0  position.o(i.move_z)
    move_z                                   0x080035c1   Thumb Code   156  position.o(i.move_z)
    i.openmv_init                            0x0800365c   Section        0  serial_openmv.o(i.openmv_init)
    i.openmv_read                            0x08003724   Section        0  serial_openmv.o(i.openmv_read)
    i.openmv_send                            0x0800378c   Section        0  serial_openmv.o(i.openmv_send)
    i.position_initialize                    0x080037a8   Section        0  position.o(i.position_initialize)
    i.pump_init                              0x08003890   Section        0  pump.o(i.pump_init)
    i.pump_off                               0x08003960   Section        0  pump.o(i.pump_off)
    i.pump_on                                0x08003988   Section        0  pump.o(i.pump_on)
    i.read_byte                              0x080039b0   Section        0  motor.o(i.read_byte)
    read_byte                                0x080039b1   Thumb Code    34  motor.o(i.read_byte)
    i.read_byte                              0x080039d8   Section        0  serial_openmv.o(i.read_byte)
    read_byte                                0x080039d9   Thumb Code    34  serial_openmv.o(i.read_byte)
    i.servos_body_init                       0x08003a00   Section        0  servos_body.o(i.servos_body_init)
    i.servos_body_off                        0x08003a6c   Section        0  servos_body.o(i.servos_body_off)
    i.servos_covering_init                   0x08003a80   Section        0  servos_covering.o(i.servos_covering_init)
    i.servos_covering_off                    0x08003aec   Section        0  servos_covering.o(i.servos_covering_off)
    x$fpl$d2f                                0x08003b00   Section       98  d2f.o(x$fpl$d2f)
    x$fpl$dadd                               0x08003b64   Section      336  daddsub_clz.o(x$fpl$dadd)
    _dadd1                                   0x08003b75   Thumb Code     0  daddsub_clz.o(x$fpl$dadd)
    x$fpl$dflt                               0x08003cb4   Section       46  dflt_clz.o(x$fpl$dflt)
    x$fpl$dfltu                              0x08003ce2   Section       38  dflt_clz.o(x$fpl$dfltu)
    x$fpl$dnaninf                            0x08003d08   Section      156  dnaninf.o(x$fpl$dnaninf)
    x$fpl$dretinf                            0x08003da4   Section       12  dretinf.o(x$fpl$dretinf)
    x$fpl$drsb                               0x08003db0   Section       22  daddsub_clz.o(x$fpl$drsb)
    x$fpl$dsub                               0x08003dc8   Section      468  daddsub_clz.o(x$fpl$dsub)
    _dsub1                                   0x08003dd9   Thumb Code     0  daddsub_clz.o(x$fpl$dsub)
    x$fpl$f2d                                0x08003f9c   Section       86  f2d.o(x$fpl$f2d)
    x$fpl$fadd                               0x08003ff4   Section      196  faddsub_clz.o(x$fpl$fadd)
    _fadd1                                   0x08004003   Thumb Code     0  faddsub_clz.o(x$fpl$fadd)
    x$fpl$fcmpinf                            0x080040b8   Section       24  fcmpi.o(x$fpl$fcmpinf)
    x$fpl$ffix                               0x080040d0   Section       54  ffix.o(x$fpl$ffix)
    x$fpl$ffixu                              0x08004108   Section       62  ffixu.o(x$fpl$ffixu)
    x$fpl$fflt                               0x08004148   Section       48  fflt_clz.o(x$fpl$fflt)
    x$fpl$fleqf                              0x08004178   Section      104  fleqf.o(x$fpl$fleqf)
    x$fpl$fmul                               0x080041e0   Section      258  fmul.o(x$fpl$fmul)
    x$fpl$fnaninf                            0x080042e2   Section      140  fnaninf.o(x$fpl$fnaninf)
    x$fpl$fretinf                            0x0800436e   Section       10  fretinf.o(x$fpl$fretinf)
    x$fpl$frleqf                             0x08004378   Section       98  frleqf.o(x$fpl$frleqf)
    x$fpl$fsub                               0x080043dc   Section      234  faddsub_clz.o(x$fpl$fsub)
    _fsub1                                   0x080043eb   Thumb Code     0  faddsub_clz.o(x$fpl$fsub)
    x$fpl$usenofp                            0x080044c6   Section        0  usenofp.o(x$fpl$usenofp)
    .constdata                               0x080044c8   Section       48  main.o(.constdata)
    .data                                    0x20000000   Section        3  main.o(.data)
    .data                                    0x20000003   Section       20  stm32f10x_rcc.o(.data)
    APBAHBPrescTable                         0x20000003   Data          16  stm32f10x_rcc.o(.data)
    ADCPrescTable                            0x20000013   Data           4  stm32f10x_rcc.o(.data)
    .data                                    0x20000017   Section        1  serialdebug.o(.data)
    .bss                                     0x20000018   Section       24  main.o(.bss)
    .bss                                     0x20000030   Section       96  libspace.o(.bss)
    HEAP                                     0x20000090   Section      512  startup_stm32f10x_md.o(HEAP)
    Heap_Mem                                 0x20000090   Data         512  startup_stm32f10x_md.o(HEAP)
    STACK                                    0x20000290   Section     1024  startup_stm32f10x_md.o(STACK)
    Stack_Mem                                0x20000290   Data        1024  startup_stm32f10x_md.o(STACK)
    __initial_sp                             0x20000690   Data           0  startup_stm32f10x_md.o(STACK)

    Global Symbols

    Symbol Name                              Value     Ov Type        Size  Object(Section)

    BuildAttributes$$THM_ISAv4$P$D$K$B$S$PE$A:L22UL41UL21$X:L11$S22US41US21$IEEE1$IW$USESV6$~STKCKD$USESV7$~SHL$OTIME$ROPI$EBA8$UX$STANDARDLIB$REQ8$PRES8$EABIv2 0x00000000   Number         0  anon$$obj.o ABSOLUTE
    __ARM_use_no_argv                        0x00000000   Number         0  main.o ABSOLUTE
    __ARM_exceptions_init                     - Undefined Weak Reference
    __alloca_initialize                       - Undefined Weak Reference
    __arm_fini_                               - Undefined Weak Reference
    __arm_preinit_                            - Undefined Weak Reference
    __cpp_initialize__aeabi_                  - Undefined Weak Reference
    __cxa_finalize                            - Undefined Weak Reference
    __rt_locale                               - Undefined Weak Reference
    __sigvec_lookup                           - Undefined Weak Reference
    __user_heap_extent                        - Undefined Weak Reference
    _atexit_init                              - Undefined Weak Reference
    _call_atexit_fns                          - Undefined Weak Reference
    _clock_init                               - Undefined Weak Reference
    _fp_trap_init                             - Undefined Weak Reference
    _fp_trap_shutdown                         - Undefined Weak Reference
    _get_lc_collate                           - Undefined Weak Reference
    _get_lc_ctype                             - Undefined Weak Reference
    _get_lc_monetary                          - Undefined Weak Reference
    _get_lc_numeric                           - Undefined Weak Reference
    _get_lc_time                              - Undefined Weak Reference
    _getenv_init                              - Undefined Weak Reference
    _handle_redirection                       - Undefined Weak Reference
    _initio                                   - Undefined Weak Reference
    _mutex_acquire                            - Undefined Weak Reference
    _mutex_free                               - Undefined Weak Reference
    _mutex_release                            - Undefined Weak Reference
    _rand_init                                - Undefined Weak Reference
    _signal_finish                            - Undefined Weak Reference
    _signal_init                              - Undefined Weak Reference
    _terminateio                              - Undefined Weak Reference
    __Vectors_Size                           0x000000ec   Number         0  startup_stm32f10x_md.o ABSOLUTE
    __Vectors                                0x08000000   Data           4  startup_stm32f10x_md.o(RESET)
    __Vectors_End                            0x080000ec   Data           0  startup_stm32f10x_md.o(RESET)
    __main                                   0x080000ed   Thumb Code     8  __main.o(!!!main)
    __scatterload                            0x080000f5   Thumb Code     0  __scatter.o(!!!scatter)
    __scatterload_rt2                        0x080000f5   Thumb Code    44  __scatter.o(!!!scatter)
    __scatterload_rt2_thumb_only             0x080000f5   Thumb Code     0  __scatter.o(!!!scatter)
    __scatterload_null                       0x08000103   Thumb Code     0  __scatter.o(!!!scatter)
    __scatterload_copy                       0x08000129   Thumb Code    26  __scatter_copy.o(!!handler_copy)
    __scatterload_zeroinit                   0x08000145   Thumb Code    28  __scatter_zi.o(!!handler_zi)
    __rt_lib_init                            0x08000161   Thumb Code     0  libinit.o(.ARM.Collect$$libinit$$00000000)
    __rt_lib_init_fp_1                       0x08000163   Thumb Code     0  libinit2.o(.ARM.Collect$$libinit$$00000002)
    __rt_lib_init_heap_2                     0x08000163   Thumb Code     0  libinit2.o(.ARM.Collect$$libinit$$00000005)
    __rt_lib_init_preinit_1                  0x08000163   Thumb Code     0  libinit2.o(.ARM.Collect$$libinit$$00000004)
    __rt_lib_init_alloca_1                   0x0800016b   Thumb Code     0  libinit2.o(.ARM.Collect$$libinit$$0000002E)
    __rt_lib_init_argv_1                     0x0800016b   Thumb Code     0  libinit2.o(.ARM.Collect$$libinit$$0000002C)
    __rt_lib_init_atexit_1                   0x0800016b   Thumb Code     0  libinit2.o(.ARM.Collect$$libinit$$0000001B)
    __rt_lib_init_clock_1                    0x0800016b   Thumb Code     0  libinit2.o(.ARM.Collect$$libinit$$00000021)
    __rt_lib_init_cpp_1                      0x0800016b   Thumb Code     0  libinit2.o(.ARM.Collect$$libinit$$00000032)
    __rt_lib_init_exceptions_1               0x0800016b   Thumb Code     0  libinit2.o(.ARM.Collect$$libinit$$00000030)
    __rt_lib_init_fp_trap_1                  0x0800016b   Thumb Code     0  libinit2.o(.ARM.Collect$$libinit$$0000001F)
    __rt_lib_init_getenv_1                   0x0800016b   Thumb Code     0  libinit2.o(.ARM.Collect$$libinit$$00000023)
    __rt_lib_init_heap_1                     0x0800016b   Thumb Code     0  libinit2.o(.ARM.Collect$$libinit$$0000000A)
    __rt_lib_init_lc_collate_1               0x0800016b   Thumb Code     0  libinit2.o(.ARM.Collect$$libinit$$00000011)
    __rt_lib_init_lc_ctype_1                 0x0800016b   Thumb Code     0  libinit2.o(.ARM.Collect$$libinit$$00000013)
    __rt_lib_init_lc_monetary_1              0x0800016b   Thumb Code     0  libinit2.o(.ARM.Collect$$libinit$$00000015)
    __rt_lib_init_lc_numeric_1               0x0800016b   Thumb Code     0  libinit2.o(.ARM.Collect$$libinit$$00000017)
    __rt_lib_init_lc_time_1                  0x0800016b   Thumb Code     0  libinit2.o(.ARM.Collect$$libinit$$00000019)
    __rt_lib_init_rand_1                     0x0800016b   Thumb Code     0  libinit2.o(.ARM.Collect$$libinit$$0000000E)
    __rt_lib_init_return                     0x0800016b   Thumb Code     0  libinit2.o(.ARM.Collect$$libinit$$00000033)
    __rt_lib_init_signal_1                   0x0800016b   Thumb Code     0  libinit2.o(.ARM.Collect$$libinit$$0000001D)
    __rt_lib_init_stdio_1                    0x0800016b   Thumb Code     0  libinit2.o(.ARM.Collect$$libinit$$00000025)
    __rt_lib_init_user_alloc_1               0x0800016b   Thumb Code     0  libinit2.o(.ARM.Collect$$libinit$$0000000C)
    __rt_lib_shutdown                        0x0800016d   Thumb Code     0  libshutdown.o(.ARM.Collect$$libshutdown$$00000000)
    __rt_lib_shutdown_cpp_1                  0x0800016f   Thumb Code     0  libshutdown2.o(.ARM.Collect$$libshutdown$$00000004)
    __rt_lib_shutdown_fini_1                 0x0800016f   Thumb Code     0  libshutdown2.o(.ARM.Collect$$libshutdown$$00000002)
    __rt_lib_shutdown_fp_trap_1              0x0800016f   Thumb Code     0  libshutdown2.o(.ARM.Collect$$libshutdown$$00000009)
    __rt_lib_shutdown_heap_1                 0x0800016f   Thumb Code     0  libshutdown2.o(.ARM.Collect$$libshutdown$$00000011)
    __rt_lib_shutdown_return                 0x0800016f   Thumb Code     0  libshutdown2.o(.ARM.Collect$$libshutdown$$00000012)
    __rt_lib_shutdown_signal_1               0x0800016f   Thumb Code     0  libshutdown2.o(.ARM.Collect$$libshutdown$$0000000C)
    __rt_lib_shutdown_stdio_1                0x0800016f   Thumb Code     0  libshutdown2.o(.ARM.Collect$$libshutdown$$00000006)
    __rt_lib_shutdown_user_alloc_1           0x0800016f   Thumb Code     0  libshutdown2.o(.ARM.Collect$$libshutdown$$0000000E)
    __rt_entry                               0x08000171   Thumb Code     0  __rtentry.o(.ARM.Collect$$rtentry$$00000000)
    __rt_entry_presh_1                       0x08000171   Thumb Code     0  __rtentry2.o(.ARM.Collect$$rtentry$$00000002)
    __rt_entry_sh                            0x08000171   Thumb Code     0  __rtentry4.o(.ARM.Collect$$rtentry$$00000004)
    __rt_entry_li                            0x08000177   Thumb Code     0  __rtentry2.o(.ARM.Collect$$rtentry$$0000000A)
    __rt_entry_postsh_1                      0x08000177   Thumb Code     0  __rtentry2.o(.ARM.Collect$$rtentry$$00000009)
    __rt_entry_main                          0x0800017b   Thumb Code     0  __rtentry2.o(.ARM.Collect$$rtentry$$0000000D)
    __rt_entry_postli_1                      0x0800017b   Thumb Code     0  __rtentry2.o(.ARM.Collect$$rtentry$$0000000C)
    __rt_exit                                0x08000183   Thumb Code     0  rtexit.o(.ARM.Collect$$rtexit$$00000000)
    __rt_exit_ls                             0x08000185   Thumb Code     0  rtexit2.o(.ARM.Collect$$rtexit$$00000003)
    __rt_exit_prels_1                        0x08000185   Thumb Code     0  rtexit2.o(.ARM.Collect$$rtexit$$00000002)
    __rt_exit_exit                           0x08000189   Thumb Code     0  rtexit2.o(.ARM.Collect$$rtexit$$00000004)
    Reset_Handler                            0x08000191   Thumb Code     8  startup_stm32f10x_md.o(.text)
    _maybe_terminate_alloc                   0x08000191   Thumb Code     0  maybetermalloc1.o(.emb_text)
    ADC1_2_IRQHandler                        0x080001ab   Thumb Code     0  startup_stm32f10x_md.o(.text)
    CAN1_RX1_IRQHandler                      0x080001ab   Thumb Code     0  startup_stm32f10x_md.o(.text)
    CAN1_SCE_IRQHandler                      0x080001ab   Thumb Code     0  startup_stm32f10x_md.o(.text)
    DMA1_Channel1_IRQHandler                 0x080001ab   Thumb Code     0  startup_stm32f10x_md.o(.text)
    DMA1_Channel2_IRQHandler                 0x080001ab   Thumb Code     0  startup_stm32f10x_md.o(.text)
    DMA1_Channel3_IRQHandler                 0x080001ab   Thumb Code     0  startup_stm32f10x_md.o(.text)
    DMA1_Channel4_IRQHandler                 0x080001ab   Thumb Code     0  startup_stm32f10x_md.o(.text)
    DMA1_Channel5_IRQHandler                 0x080001ab   Thumb Code     0  startup_stm32f10x_md.o(.text)
    DMA1_Channel6_IRQHandler                 0x080001ab   Thumb Code     0  startup_stm32f10x_md.o(.text)
    DMA1_Channel7_IRQHandler                 0x080001ab   Thumb Code     0  startup_stm32f10x_md.o(.text)
    EXTI0_IRQHandler                         0x080001ab   Thumb Code     0  startup_stm32f10x_md.o(.text)
    EXTI1_IRQHandler                         0x080001ab   Thumb Code     0  startup_stm32f10x_md.o(.text)
    EXTI2_IRQHandler                         0x080001ab   Thumb Code     0  startup_stm32f10x_md.o(.text)
    EXTI3_IRQHandler                         0x080001ab   Thumb Code     0  startup_stm32f10x_md.o(.text)
    EXTI4_IRQHandler                         0x080001ab   Thumb Code     0  startup_stm32f10x_md.o(.text)
    EXTI9_5_IRQHandler                       0x080001ab   Thumb Code     0  startup_stm32f10x_md.o(.text)
    FLASH_IRQHandler                         0x080001ab   Thumb Code     0  startup_stm32f10x_md.o(.text)
    I2C1_ER_IRQHandler                       0x080001ab   Thumb Code     0  startup_stm32f10x_md.o(.text)
    I2C1_EV_IRQHandler                       0x080001ab   Thumb Code     0  startup_stm32f10x_md.o(.text)
    I2C2_ER_IRQHandler                       0x080001ab   Thumb Code     0  startup_stm32f10x_md.o(.text)
    I2C2_EV_IRQHandler                       0x080001ab   Thumb Code     0  startup_stm32f10x_md.o(.text)
    PVD_IRQHandler                           0x080001ab   Thumb Code     0  startup_stm32f10x_md.o(.text)
    RCC_IRQHandler                           0x080001ab   Thumb Code     0  startup_stm32f10x_md.o(.text)
    RTCAlarm_IRQHandler                      0x080001ab   Thumb Code     0  startup_stm32f10x_md.o(.text)
    RTC_IRQHandler                           0x080001ab   Thumb Code     0  startup_stm32f10x_md.o(.text)
    SPI1_IRQHandler                          0x080001ab   Thumb Code     0  startup_stm32f10x_md.o(.text)
    SPI2_IRQHandler                          0x080001ab   Thumb Code     0  startup_stm32f10x_md.o(.text)
    TAMPER_IRQHandler                        0x080001ab   Thumb Code     0  startup_stm32f10x_md.o(.text)
    TIM1_BRK_IRQHandler                      0x080001ab   Thumb Code     0  startup_stm32f10x_md.o(.text)
    TIM1_CC_IRQHandler                       0x080001ab   Thumb Code     0  startup_stm32f10x_md.o(.text)
    TIM1_TRG_COM_IRQHandler                  0x080001ab   Thumb Code     0  startup_stm32f10x_md.o(.text)
    TIM1_UP_IRQHandler                       0x080001ab   Thumb Code     0  startup_stm32f10x_md.o(.text)
    TIM2_IRQHandler                          0x080001ab   Thumb Code     0  startup_stm32f10x_md.o(.text)
    TIM3_IRQHandler                          0x080001ab   Thumb Code     0  startup_stm32f10x_md.o(.text)
    TIM4_IRQHandler                          0x080001ab   Thumb Code     0  startup_stm32f10x_md.o(.text)
    USBWakeUp_IRQHandler                     0x080001ab   Thumb Code     0  startup_stm32f10x_md.o(.text)
    USB_HP_CAN1_TX_IRQHandler                0x080001ab   Thumb Code     0  startup_stm32f10x_md.o(.text)
    USB_LP_CAN1_RX0_IRQHandler               0x080001ab   Thumb Code     0  startup_stm32f10x_md.o(.text)
    WWDG_IRQHandler                          0x080001ab   Thumb Code     0  startup_stm32f10x_md.o(.text)
    __user_initial_stackheap                 0x080001ad   Thumb Code     0  startup_stm32f10x_md.o(.text)
    malloc                                   0x080001d1   Thumb Code    94  h1_alloc.o(.text)
    __aeabi_memcpy4                          0x0800022f   Thumb Code     0  rt_memcpy_w.o(.text)
    __aeabi_memcpy8                          0x0800022f   Thumb Code     0  rt_memcpy_w.o(.text)
    __rt_memcpy_w                            0x0800022f   Thumb Code   100  rt_memcpy_w.o(.text)
    _memcpy_lastbytes_aligned                0x08000277   Thumb Code     0  rt_memcpy_w.o(.text)
    __use_two_region_memory                  0x08000293   Thumb Code     2  heapauxi.o(.text)
    __rt_heap_escrow                         0x08000295   Thumb Code     2  heapauxi.o(.text)
    __rt_heap_expand                         0x08000297   Thumb Code     2  heapauxi.o(.text)
    __rt_heap_descriptor                     0x08000299   Thumb Code     8  rt_heap_descriptor_intlibspace.o(.text)
    __use_no_heap                            0x080002a1   Thumb Code     2  hguard.o(.text)
    __heap$guard                             0x080002a3   Thumb Code     2  hguard.o(.text)
    _terminate_user_alloc                    0x080002a5   Thumb Code     2  init_alloc.o(.text)
    _init_user_alloc                         0x080002a7   Thumb Code     2  init_alloc.o(.text)
    __Heap_Full                              0x080002a9   Thumb Code    34  init_alloc.o(.text)
    __Heap_Broken                            0x080002cb   Thumb Code     6  init_alloc.o(.text)
    _init_alloc                              0x080002d1   Thumb Code    94  init_alloc.o(.text)
    __Heap_Initialize                        0x0800032f   Thumb Code    10  h1_init.o(.text)
    __Heap_DescSize                          0x08000339   Thumb Code     4  h1_init.o(.text)
    free                                     0x0800033d   Thumb Code    78  h1_free.o(.text)
    __user_libspace                          0x0800038d   Thumb Code     8  libspace.o(.text)
    __user_perproc_libspace                  0x0800038d   Thumb Code     0  libspace.o(.text)
    __user_perthread_libspace                0x0800038d   Thumb Code     0  libspace.o(.text)
    __Heap_ProvideMemory                     0x08000395   Thumb Code    52  h1_extend.o(.text)
    __rt_SIGRTMEM                            0x080003c9   Thumb Code    14  defsig_rtmem_outer.o(.text)
    __I$use$semihosting                      0x080003d7   Thumb Code     0  use_no_semi.o(.text)
    __use_no_semihosting_swi                 0x080003d7   Thumb Code     2  use_no_semi.o(.text)
    __semihosting_library_function           0x080003d9   Thumb Code     0  indicate_semi.o(.text)
    __user_setup_stackheap                   0x080003d9   Thumb Code    74  sys_stackheap_outer.o(.text)
    exit                                     0x08000423   Thumb Code    18  exit.o(.text)
    __sig_exit                               0x08000435   Thumb Code    10  defsig_exit.o(.text)
    __rt_SIGRTMEM_inner                      0x08000441   Thumb Code    22  defsig_rtmem_inner.o(.text)
    _sys_exit                                0x08000491   Thumb Code     8  sys_exit.o(.text)
    __default_signal_display                 0x0800049d   Thumb Code    50  defsig_general.o(.text)
    _ttywrch                                 0x080004cf   Thumb Code    14  sys_wrch.o(.text)
    BusFault_Handler                         0x080004dd   Thumb Code     4  stm32f10x_it.o(i.BusFault_Handler)
    DebugMon_Handler                         0x080004e1   Thumb Code     2  stm32f10x_it.o(i.DebugMon_Handler)
    Delay_ms                                 0x080004e3   Thumb Code    24  delay.o(i.Delay_ms)
    Delay_us                                 0x080004fb   Thumb Code    46  delay.o(i.Delay_us)
    EXTI15_10_IRQHandler                     0x08000529   Thumb Code   150  key.o(i.EXTI15_10_IRQHandler)
    EXTI_GetITStatus                         0x080005c5   Thumb Code   152  stm32f10x_exti.o(i.EXTI_GetITStatus)
    EXTI_Init                                0x0800067d   Thumb Code   236  stm32f10x_exti.o(i.EXTI_Init)
    GPIO_EXTILineConfig                      0x08000789   Thumb Code   176  stm32f10x_gpio.o(i.GPIO_EXTILineConfig)
    GPIO_Init                                0x08000859   Thumb Code   378  stm32f10x_gpio.o(i.GPIO_Init)
    GPIO_ReadInputDataBit                    0x08000a0d   Thumb Code   170  stm32f10x_gpio.o(i.GPIO_ReadInputDataBit)
    GPIO_ResetBits                           0x08000af1   Thumb Code    82  stm32f10x_gpio.o(i.GPIO_ResetBits)
    GPIO_SetBits                             0x08000b7d   Thumb Code    82  stm32f10x_gpio.o(i.GPIO_SetBits)
    HardFault_Handler                        0x08000c3d   Thumb Code     4  stm32f10x_it.o(i.HardFault_Handler)
    MemManage_Handler                        0x08000c41   Thumb Code     4  stm32f10x_it.o(i.MemManage_Handler)
    NMI_Handler                              0x08000c45   Thumb Code     2  stm32f10x_it.o(i.NMI_Handler)
    NVIC_Init                                0x08000c49   Thumb Code   158  misc.o(i.NVIC_Init)
    NVIC_PriorityGroupConfig                 0x08000d05   Thumb Code    54  misc.o(i.NVIC_PriorityGroupConfig)
    PendSV_Handler                           0x08000d55   Thumb Code     2  stm32f10x_it.o(i.PendSV_Handler)
    RCC_APB1PeriphClockCmd                   0x08000d59   Thumb Code    70  stm32f10x_rcc.o(i.RCC_APB1PeriphClockCmd)
    RCC_APB2PeriphClockCmd                   0x08000dc1   Thumb Code    70  stm32f10x_rcc.o(i.RCC_APB2PeriphClockCmd)
    RCC_GetClocksFreq                        0x08000e29   Thumb Code   192  stm32f10x_rcc.o(i.RCC_GetClocksFreq)
    SVC_Handler                              0x08000efd   Thumb Code     2  stm32f10x_it.o(i.SVC_Handler)
    SerialDebug_Init                         0x08000f41   Thumb Code   170  serialdebug.o(i.SerialDebug_Init)
    SysTick_Handler                          0x080010dd   Thumb Code     2  stm32f10x_it.o(i.SysTick_Handler)
    SystemInit                               0x080010e1   Thumb Code    78  system_stm32f10x.o(i.SystemInit)
    TIM_Cmd                                  0x08001141   Thumb Code   162  stm32f10x_tim.o(i.TIM_Cmd)
    TIM_InternalClockConfig                  0x0800123d   Thumb Code    82  stm32f10x_tim.o(i.TIM_InternalClockConfig)
    TIM_OC1Init                              0x080012c9   Thumb Code   436  stm32f10x_tim.o(i.TIM_OC1Init)
    TIM_OC2Init                              0x080014cd   Thumb Code   422  stm32f10x_tim.o(i.TIM_OC2Init)
    TIM_OC3Init                              0x080016ad   Thumb Code   400  stm32f10x_tim.o(i.TIM_OC3Init)
    TIM_OC4Init                              0x08001869   Thumb Code   292  stm32f10x_tim.o(i.TIM_OC4Init)
    TIM_OCStructInit                         0x080019b9   Thumb Code    20  stm32f10x_tim.o(i.TIM_OCStructInit)
    TIM_SetCompare1                          0x080019cd   Thumb Code   112  stm32f10x_tim.o(i.TIM_SetCompare1)
    TIM_SetCompare2                          0x08001a8d   Thumb Code    76  stm32f10x_tim.o(i.TIM_SetCompare2)
    TIM_SetCompare3                          0x08001b11   Thumb Code    58  stm32f10x_tim.o(i.TIM_SetCompare3)
    TIM_SetCompare4                          0x08001b79   Thumb Code    60  stm32f10x_tim.o(i.TIM_SetCompare4)
    TIM_TimeBaseInit                         0x08001be1   Thumb Code   308  stm32f10x_tim.o(i.TIM_TimeBaseInit)
    USART1_IRQHandler                        0x08001d6d   Thumb Code    66  motor.o(i.USART1_IRQHandler)
    USART2_IRQHandler                        0x08001db9   Thumb Code    66  serial_openmv.o(i.USART2_IRQHandler)
    USART3_IRQHandler                        0x08001e05   Thumb Code    38  serialdebug.o(i.USART3_IRQHandler)
    USART_ClearITPendingBit                  0x08001e35   Thumb Code   152  stm32f10x_usart.o(i.USART_ClearITPendingBit)
    USART_Cmd                                0x08001efd   Thumb Code    90  stm32f10x_usart.o(i.USART_Cmd)
    USART_GetFlagStatus                      0x08001f89   Thumb Code   158  stm32f10x_usart.o(i.USART_GetFlagStatus)
    USART_GetITStatus                        0x08002059   Thumb Code   252  stm32f10x_usart.o(i.USART_GetITStatus)
    USART_ITConfig                           0x08002185   Thumb Code   248  stm32f10x_usart.o(i.USART_ITConfig)
    USART_Init                               0x080022ad   Thumb Code   450  stm32f10x_usart.o(i.USART_Init)
    USART_ReceiveData                        0x080024a5   Thumb Code    54  stm32f10x_usart.o(i.USART_ReceiveData)
    USART_SendData                           0x0800250d   Thumb Code    74  stm32f10x_usart.o(i.USART_SendData)
    UsageFault_Handler                       0x08002589   Thumb Code     4  stm32f10x_it.o(i.UsageFault_Handler)
    assert_failed                            0x0800258d   Thumb Code     4  main.o(i.assert_failed)
    key_init                                 0x080025b9   Thumb Code   208  key.o(i.key_init)
    key_read_color_plate_and_color_bottle    0x0800268d   Thumb Code   326  key.o(i.key_read_color_plate_and_color_bottle)
    led_b_off                                0x080027d9   Thumb Code    16  led.o(i.led_b_off)
    led_b_on                                 0x080027ed   Thumb Code    16  led.o(i.led_b_on)
    led_init                                 0x08002801   Thumb Code    96  led.o(i.led_init)
    led_r_on                                 0x08002865   Thumb Code    16  led.o(i.led_r_on)
    main                                     0x08002879   Thumb Code  1508  main.o(i.main)
    motor_covering_round_init                0x08002e75   Thumb Code   158  motor_covering_round.o(i.motor_covering_round_init)
    motor_covering_round_off                 0x08002f1d   Thumb Code    30  motor_covering_round.o(i.motor_covering_round_off)
    motor_get_flag_arrive                    0x08002f45   Thumb Code    24  motor.o(i.motor_get_flag_arrive)
    motor_get_flag_set0                      0x08002f5d   Thumb Code    24  motor.o(i.motor_get_flag_set0)
    motor_init                               0x08002f75   Thumb Code   206  motor.o(i.motor_init)
    motor_inter_get_flag_arrive              0x0800304d   Thumb Code    94  main.o(i.motor_inter_get_flag_arrive)
    motor_inter_get_flag_set0                0x080030b9   Thumb Code    32  main.o(i.motor_inter_get_flag_set0)
    motor_move_position                      0x080030d9   Thumb Code   106  motor.o(i.motor_move_position)
    motor_move_x                             0x08003145   Thumb Code    50  main.o(i.motor_move_x)
    motor_move_y                             0x08003181   Thumb Code    50  main.o(i.motor_move_y)
    motor_move_z                             0x080031bd   Thumb Code    50  main.o(i.motor_move_z)
    motor_set0                               0x0800335d   Thumb Code    44  motor.o(i.motor_set0)
    motor_stop                               0x08003389   Thumb Code    44  motor.o(i.motor_stop)
    openmv_init                              0x0800365d   Thumb Code   192  serial_openmv.o(i.openmv_init)
    openmv_read                              0x08003725   Thumb Code   100  serial_openmv.o(i.openmv_read)
    openmv_send                              0x0800378d   Thumb Code    26  serial_openmv.o(i.openmv_send)
    position_initialize                      0x080037a9   Thumb Code   174  position.o(i.position_initialize)
    pump_init                                0x08003891   Thumb Code   200  pump.o(i.pump_init)
    pump_off                                 0x08003961   Thumb Code    30  pump.o(i.pump_off)
    pump_on                                  0x08003989   Thumb Code    32  pump.o(i.pump_on)
    servos_body_init                         0x08003a01   Thumb Code   100  servos_body.o(i.servos_body_init)
    servos_body_off                          0x08003a6d   Thumb Code    16  servos_body.o(i.servos_body_off)
    servos_covering_init                     0x08003a81   Thumb Code   100  servos_covering.o(i.servos_covering_init)
    servos_covering_off                      0x08003aed   Thumb Code    16  servos_covering.o(i.servos_covering_off)
    __aeabi_d2f                              0x08003b01   Thumb Code     0  d2f.o(x$fpl$d2f)
    _d2f                                     0x08003b01   Thumb Code    98  d2f.o(x$fpl$d2f)
    __aeabi_dadd                             0x08003b65   Thumb Code     0  daddsub_clz.o(x$fpl$dadd)
    _dadd                                    0x08003b65   Thumb Code   332  daddsub_clz.o(x$fpl$dadd)
    __aeabi_i2d                              0x08003cb5   Thumb Code     0  dflt_clz.o(x$fpl$dflt)
    _dflt                                    0x08003cb5   Thumb Code    46  dflt_clz.o(x$fpl$dflt)
    __aeabi_ui2d                             0x08003ce3   Thumb Code     0  dflt_clz.o(x$fpl$dfltu)
    _dfltu                                   0x08003ce3   Thumb Code    38  dflt_clz.o(x$fpl$dfltu)
    __fpl_dnaninf                            0x08003d09   Thumb Code   156  dnaninf.o(x$fpl$dnaninf)
    __fpl_dretinf                            0x08003da5   Thumb Code    12  dretinf.o(x$fpl$dretinf)
    __aeabi_drsub                            0x08003db1   Thumb Code     0  daddsub_clz.o(x$fpl$drsb)
    _drsb                                    0x08003db1   Thumb Code    22  daddsub_clz.o(x$fpl$drsb)
    __aeabi_dsub                             0x08003dc9   Thumb Code     0  daddsub_clz.o(x$fpl$dsub)
    _dsub                                    0x08003dc9   Thumb Code   464  daddsub_clz.o(x$fpl$dsub)
    __aeabi_f2d                              0x08003f9d   Thumb Code     0  f2d.o(x$fpl$f2d)
    _f2d                                     0x08003f9d   Thumb Code    86  f2d.o(x$fpl$f2d)
    __aeabi_fadd                             0x08003ff5   Thumb Code     0  faddsub_clz.o(x$fpl$fadd)
    _fadd                                    0x08003ff5   Thumb Code   196  faddsub_clz.o(x$fpl$fadd)
    __fpl_fcmp_Inf                           0x080040b9   Thumb Code    24  fcmpi.o(x$fpl$fcmpinf)
    __aeabi_f2iz                             0x080040d1   Thumb Code     0  ffix.o(x$fpl$ffix)
    _ffix                                    0x080040d1   Thumb Code    54  ffix.o(x$fpl$ffix)
    __aeabi_f2uiz                            0x08004109   Thumb Code     0  ffixu.o(x$fpl$ffixu)
    _ffixu                                   0x08004109   Thumb Code    62  ffixu.o(x$fpl$ffixu)
    __aeabi_i2f                              0x08004149   Thumb Code     0  fflt_clz.o(x$fpl$fflt)
    _fflt                                    0x08004149   Thumb Code    48  fflt_clz.o(x$fpl$fflt)
    __aeabi_cfcmple                          0x08004179   Thumb Code     0  fleqf.o(x$fpl$fleqf)
    _fcmple                                  0x08004179   Thumb Code   104  fleqf.o(x$fpl$fleqf)
    __fpl_fcmple_InfNaN                      0x080041cb   Thumb Code     0  fleqf.o(x$fpl$fleqf)
    __aeabi_fmul                             0x080041e1   Thumb Code     0  fmul.o(x$fpl$fmul)
    _fmul                                    0x080041e1   Thumb Code   258  fmul.o(x$fpl$fmul)
    __fpl_fnaninf                            0x080042e3   Thumb Code   140  fnaninf.o(x$fpl$fnaninf)
    __fpl_fretinf                            0x0800436f   Thumb Code    10  fretinf.o(x$fpl$fretinf)
    __aeabi_cfrcmple                         0x08004379   Thumb Code     0  frleqf.o(x$fpl$frleqf)
    _frcmple                                 0x08004379   Thumb Code    98  frleqf.o(x$fpl$frleqf)
    __aeabi_fsub                             0x080043dd   Thumb Code     0  faddsub_clz.o(x$fpl$fsub)
    _fsub                                    0x080043dd   Thumb Code   234  faddsub_clz.o(x$fpl$fsub)
    __I$use$fp                               0x080044c6   Number         0  usenofp.o(x$fpl$usenofp)
    Region$$Table$$Base                      0x080044f8   Number         0  anon$$obj.o(Region$$Table)
    Region$$Table$$Limit                     0x08004518   Number         0  anon$$obj.o(Region$$Table)
    motor_x_moved_flag                       0x20000000   Data           1  main.o(.data)
    motor_y_moved_flag                       0x20000001   Data           1  main.o(.data)
    motor_z_moved_flag                       0x20000002   Data           1  main.o(.data)
    SerialDebug_ReceiveData                  0x20000017   Data           1  serialdebug.o(.data)
    serial_openmv_buffer                     0x20000018   Data          12  main.o(.bss)
    serial_motor_buffer                      0x20000024   Data          12  main.o(.bss)
    __libspace_start                         0x20000030   Data          96  libspace.o(.bss)
    __temporary_stack_top$libspace           0x20000090   Data           0  libspace.o(.bss)



==============================================================================

Memory Map of the image

  Image Entry point : 0x080000ed

  Load Region LR_IROM1 (Base: 0x08000000, Size: 0x00004530, Max: 0x00010000, ABSOLUTE)

    Execution Region ER_IROM1 (Exec base: 0x08000000, Load base: 0x08000000, Size: 0x00004518, Max: 0x00010000, ABSOLUTE)

    Exec Addr    Load Addr    Size         Type   Attr      Idx    E Section Name        Object

    0x08000000   0x08000000   0x000000ec   Data   RO          254    RESET               startup_stm32f10x_md.o
    0x080000ec   0x080000ec   0x00000008   Code   RO         3981  * !!!main             c_w.l(__main.o)
    0x080000f4   0x080000f4   0x00000034   Code   RO         4243    !!!scatter          c_w.l(__scatter.o)
    0x08000128   0x08000128   0x0000001a   Code   RO         4245    !!handler_copy      c_w.l(__scatter_copy.o)
    0x08000142   0x08000142   0x00000002   PAD
    0x08000144   0x08000144   0x0000001c   Code   RO         4247    !!handler_zi        c_w.l(__scatter_zi.o)
    0x08000160   0x08000160   0x00000002   Code   RO         4180    .ARM.Collect$$libinit$$00000000  c_w.l(libinit.o)
    0x08000162   0x08000162   0x00000000   Code   RO         4062    .ARM.Collect$$libinit$$00000002  c_w.l(libinit2.o)
    0x08000162   0x08000162   0x00000000   Code   RO         4064    .ARM.Collect$$libinit$$00000004  c_w.l(libinit2.o)
    0x08000162   0x08000162   0x00000008   Code   RO         4065    .ARM.Collect$$libinit$$00000005  c_w.l(libinit2.o)
    0x0800016a   0x0800016a   0x00000000   Code   RO         4067    .ARM.Collect$$libinit$$0000000A  c_w.l(libinit2.o)
    0x0800016a   0x0800016a   0x00000000   Code   RO         4069    .ARM.Collect$$libinit$$0000000C  c_w.l(libinit2.o)
    0x0800016a   0x0800016a   0x00000000   Code   RO         4071    .ARM.Collect$$libinit$$0000000E  c_w.l(libinit2.o)
    0x0800016a   0x0800016a   0x00000000   Code   RO         4074    .ARM.Collect$$libinit$$00000011  c_w.l(libinit2.o)
    0x0800016a   0x0800016a   0x00000000   Code   RO         4076    .ARM.Collect$$libinit$$00000013  c_w.l(libinit2.o)
    0x0800016a   0x0800016a   0x00000000   Code   RO         4078    .ARM.Collect$$libinit$$00000015  c_w.l(libinit2.o)
    0x0800016a   0x0800016a   0x00000000   Code   RO         4080    .ARM.Collect$$libinit$$00000017  c_w.l(libinit2.o)
    0x0800016a   0x0800016a   0x00000000   Code   RO         4082    .ARM.Collect$$libinit$$00000019  c_w.l(libinit2.o)
    0x0800016a   0x0800016a   0x00000000   Code   RO         4084    .ARM.Collect$$libinit$$0000001B  c_w.l(libinit2.o)
    0x0800016a   0x0800016a   0x00000000   Code   RO         4086    .ARM.Collect$$libinit$$0000001D  c_w.l(libinit2.o)
    0x0800016a   0x0800016a   0x00000000   Code   RO         4088    .ARM.Collect$$libinit$$0000001F  c_w.l(libinit2.o)
    0x0800016a   0x0800016a   0x00000000   Code   RO         4090    .ARM.Collect$$libinit$$00000021  c_w.l(libinit2.o)
    0x0800016a   0x0800016a   0x00000000   Code   RO         4092    .ARM.Collect$$libinit$$00000023  c_w.l(libinit2.o)
    0x0800016a   0x0800016a   0x00000000   Code   RO         4094    .ARM.Collect$$libinit$$00000025  c_w.l(libinit2.o)
    0x0800016a   0x0800016a   0x00000000   Code   RO         4098    .ARM.Collect$$libinit$$0000002C  c_w.l(libinit2.o)
    0x0800016a   0x0800016a   0x00000000   Code   RO         4100    .ARM.Collect$$libinit$$0000002E  c_w.l(libinit2.o)
    0x0800016a   0x0800016a   0x00000000   Code   RO         4102    .ARM.Collect$$libinit$$00000030  c_w.l(libinit2.o)
    0x0800016a   0x0800016a   0x00000000   Code   RO         4104    .ARM.Collect$$libinit$$00000032  c_w.l(libinit2.o)
    0x0800016a   0x0800016a   0x00000002   Code   RO         4105    .ARM.Collect$$libinit$$00000033  c_w.l(libinit2.o)
    0x0800016c   0x0800016c   0x00000002   Code   RO         4240    .ARM.Collect$$libshutdown$$00000000  c_w.l(libshutdown.o)
    0x0800016e   0x0800016e   0x00000000   Code   RO         4194    .ARM.Collect$$libshutdown$$00000002  c_w.l(libshutdown2.o)
    0x0800016e   0x0800016e   0x00000000   Code   RO         4196    .ARM.Collect$$libshutdown$$00000004  c_w.l(libshutdown2.o)
    0x0800016e   0x0800016e   0x00000000   Code   RO         4198    .ARM.Collect$$libshutdown$$00000006  c_w.l(libshutdown2.o)
    0x0800016e   0x0800016e   0x00000000   Code   RO         4201    .ARM.Collect$$libshutdown$$00000009  c_w.l(libshutdown2.o)
    0x0800016e   0x0800016e   0x00000000   Code   RO         4204    .ARM.Collect$$libshutdown$$0000000C  c_w.l(libshutdown2.o)
    0x0800016e   0x0800016e   0x00000000   Code   RO         4206    .ARM.Collect$$libshutdown$$0000000E  c_w.l(libshutdown2.o)
    0x0800016e   0x0800016e   0x00000000   Code   RO         4209    .ARM.Collect$$libshutdown$$00000011  c_w.l(libshutdown2.o)
    0x0800016e   0x0800016e   0x00000002   Code   RO         4210    .ARM.Collect$$libshutdown$$00000012  c_w.l(libshutdown2.o)
    0x08000170   0x08000170   0x00000000   Code   RO         4027    .ARM.Collect$$rtentry$$00000000  c_w.l(__rtentry.o)
    0x08000170   0x08000170   0x00000000   Code   RO         4123    .ARM.Collect$$rtentry$$00000002  c_w.l(__rtentry2.o)
    0x08000170   0x08000170   0x00000006   Code   RO         4135    .ARM.Collect$$rtentry$$00000004  c_w.l(__rtentry4.o)
    0x08000176   0x08000176   0x00000000   Code   RO         4125    .ARM.Collect$$rtentry$$00000009  c_w.l(__rtentry2.o)
    0x08000176   0x08000176   0x00000004   Code   RO         4126    .ARM.Collect$$rtentry$$0000000A  c_w.l(__rtentry2.o)
    0x0800017a   0x0800017a   0x00000000   Code   RO         4128    .ARM.Collect$$rtentry$$0000000C  c_w.l(__rtentry2.o)
    0x0800017a   0x0800017a   0x00000008   Code   RO         4129    .ARM.Collect$$rtentry$$0000000D  c_w.l(__rtentry2.o)
    0x08000182   0x08000182   0x00000002   Code   RO         4183    .ARM.Collect$$rtexit$$00000000  c_w.l(rtexit.o)
    0x08000184   0x08000184   0x00000000   Code   RO         4214    .ARM.Collect$$rtexit$$00000002  c_w.l(rtexit2.o)
    0x08000184   0x08000184   0x00000004   Code   RO         4215    .ARM.Collect$$rtexit$$00000003  c_w.l(rtexit2.o)
    0x08000188   0x08000188   0x00000006   Code   RO         4216    .ARM.Collect$$rtexit$$00000004  c_w.l(rtexit2.o)
    0x0800018e   0x0800018e   0x00000002   PAD
    0x08000190   0x08000190   0x00000000   Code   RO         4139    .emb_text           c_w.l(maybetermalloc1.o)
    0x08000190   0x08000190   0x00000040   Code   RO          255    .text               startup_stm32f10x_md.o
    0x080001d0   0x080001d0   0x0000005e   Code   RO         3923    .text               c_w.l(h1_alloc.o)
    0x0800022e   0x0800022e   0x00000064   Code   RO         3977    .text               c_w.l(rt_memcpy_w.o)
    0x08000292   0x08000292   0x00000006   Code   RO         3979    .text               c_w.l(heapauxi.o)
    0x08000298   0x08000298   0x00000008   Code   RO         4031    .text               c_w.l(rt_heap_descriptor_intlibspace.o)
    0x080002a0   0x080002a0   0x00000004   Code   RO         4033    .text               c_w.l(hguard.o)
    0x080002a4   0x080002a4   0x0000008a   Code   RO         4035    .text               c_w.l(init_alloc.o)
    0x0800032e   0x0800032e   0x0000000e   Code   RO         4041    .text               c_w.l(h1_init.o)
    0x0800033c   0x0800033c   0x0000004e   Code   RO         4043    .text               c_w.l(h1_free.o)
    0x0800038a   0x0800038a   0x00000002   PAD
    0x0800038c   0x0800038c   0x00000008   Code   RO         4119    .text               c_w.l(libspace.o)
    0x08000394   0x08000394   0x00000034   Code   RO         4141    .text               c_w.l(h1_extend.o)
    0x080003c8   0x080003c8   0x0000000e   Code   RO         4145    .text               c_w.l(defsig_rtmem_outer.o)
    0x080003d6   0x080003d6   0x00000002   Code   RO         4156    .text               c_w.l(use_no_semi.o)
    0x080003d8   0x080003d8   0x00000000   Code   RO         4158    .text               c_w.l(indicate_semi.o)
    0x080003d8   0x080003d8   0x0000004a   Code   RO         4159    .text               c_w.l(sys_stackheap_outer.o)
    0x08000422   0x08000422   0x00000012   Code   RO         4165    .text               c_w.l(exit.o)
    0x08000434   0x08000434   0x0000000a   Code   RO         4167    .text               c_w.l(defsig_exit.o)
    0x0800043e   0x0800043e   0x00000002   PAD
    0x08000440   0x08000440   0x00000050   Code   RO         4169    .text               c_w.l(defsig_rtmem_inner.o)
    0x08000490   0x08000490   0x0000000c   Code   RO         4181    .text               c_w.l(sys_exit.o)
    0x0800049c   0x0800049c   0x00000032   Code   RO         4191    .text               c_w.l(defsig_general.o)
    0x080004ce   0x080004ce   0x0000000e   Code   RO         4211    .text               c_w.l(sys_wrch.o)
    0x080004dc   0x080004dc   0x00000004   Code   RO          178    i.BusFault_Handler  stm32f10x_it.o
    0x080004e0   0x080004e0   0x00000002   Code   RO          179    i.DebugMon_Handler  stm32f10x_it.o
    0x080004e2   0x080004e2   0x00000018   Code   RO         3348    i.Delay_ms          delay.o
    0x080004fa   0x080004fa   0x0000002e   Code   RO         3350    i.Delay_us          delay.o
    0x08000528   0x08000528   0x0000009c   Code   RO         3690    i.EXTI15_10_IRQHandler  key.o
    0x080005c4   0x080005c4   0x000000b8   Code   RO         1141    i.EXTI_GetITStatus  stm32f10x_exti.o
    0x0800067c   0x0800067c   0x0000010c   Code   RO         1142    i.EXTI_Init         stm32f10x_exti.o
    0x08000788   0x08000788   0x000000d0   Code   RO         1496    i.GPIO_EXTILineConfig  stm32f10x_gpio.o
    0x08000858   0x08000858   0x000001b4   Code   RO         1499    i.GPIO_Init         stm32f10x_gpio.o
    0x08000a0c   0x08000a0c   0x000000e4   Code   RO         1503    i.GPIO_ReadInputDataBit  stm32f10x_gpio.o
    0x08000af0   0x08000af0   0x0000008c   Code   RO         1506    i.GPIO_ResetBits    stm32f10x_gpio.o
    0x08000b7c   0x08000b7c   0x0000008c   Code   RO         1507    i.GPIO_SetBits      stm32f10x_gpio.o
    0x08000c08   0x08000c08   0x0000001a   Code   RO         3522    i.GetBufBitsNoRead  motor.o
    0x08000c22   0x08000c22   0x0000001a   Code   RO         3641    i.GetBufBitsNoRead  serial_openmv.o
    0x08000c3c   0x08000c3c   0x00000004   Code   RO          180    i.HardFault_Handler  stm32f10x_it.o
    0x08000c40   0x08000c40   0x00000004   Code   RO          181    i.MemManage_Handler  stm32f10x_it.o
    0x08000c44   0x08000c44   0x00000002   Code   RO          182    i.NMI_Handler       stm32f10x_it.o
    0x08000c46   0x08000c46   0x00000002   PAD
    0x08000c48   0x08000c48   0x000000bc   Code   RO          312    i.NVIC_Init         misc.o
    0x08000d04   0x08000d04   0x00000050   Code   RO          313    i.NVIC_PriorityGroupConfig  misc.o
    0x08000d54   0x08000d54   0x00000002   Code   RO          183    i.PendSV_Handler    stm32f10x_it.o
    0x08000d56   0x08000d56   0x00000002   PAD
    0x08000d58   0x08000d58   0x00000068   Code   RO         1927    i.RCC_APB1PeriphClockCmd  stm32f10x_rcc.o
    0x08000dc0   0x08000dc0   0x00000068   Code   RO         1929    i.RCC_APB2PeriphClockCmd  stm32f10x_rcc.o
    0x08000e28   0x08000e28   0x000000d4   Code   RO         1937    i.RCC_GetClocksFreq  stm32f10x_rcc.o
    0x08000efc   0x08000efc   0x00000002   Code   RO          184    i.SVC_Handler       stm32f10x_it.o
    0x08000efe   0x08000efe   0x00000002   PAD
    0x08000f00   0x08000f00   0x00000020   Code   RO         3523    i.SendByte          motor.o
    0x08000f20   0x08000f20   0x00000020   Code   RO         3642    i.SendByte          serial_openmv.o
    0x08000f40   0x08000f40   0x000000b4   Code   RO         3481    i.SerialDebug_Init  serialdebug.o
    0x08000ff4   0x08000ff4   0x00000008   Code   RO          259    i.SetSysClock       system_stm32f10x.o
    0x08000ffc   0x08000ffc   0x000000e0   Code   RO          260    i.SetSysClockTo72   system_stm32f10x.o
    0x080010dc   0x080010dc   0x00000002   Code   RO          185    i.SysTick_Handler   stm32f10x_it.o
    0x080010de   0x080010de   0x00000002   PAD
    0x080010e0   0x080010e0   0x00000060   Code   RO          262    i.SystemInit        system_stm32f10x.o
    0x08001140   0x08001140   0x000000fc   Code   RO         2573    i.TIM_Cmd           stm32f10x_tim.o
    0x0800123c   0x0800123c   0x0000008c   Code   RO         2600    i.TIM_InternalClockConfig  stm32f10x_tim.o
    0x080012c8   0x080012c8   0x00000204   Code   RO         2602    i.TIM_OC1Init       stm32f10x_tim.o
    0x080014cc   0x080014cc   0x000001e0   Code   RO         2607    i.TIM_OC2Init       stm32f10x_tim.o
    0x080016ac   0x080016ac   0x000001bc   Code   RO         2612    i.TIM_OC3Init       stm32f10x_tim.o
    0x08001868   0x08001868   0x00000150   Code   RO         2617    i.TIM_OC4Init       stm32f10x_tim.o
    0x080019b8   0x080019b8   0x00000014   Code   RO         2620    i.TIM_OCStructInit  stm32f10x_tim.o
    0x080019cc   0x080019cc   0x000000c0   Code   RO         2634    i.TIM_SetCompare1   stm32f10x_tim.o
    0x08001a8c   0x08001a8c   0x00000084   Code   RO         2635    i.TIM_SetCompare2   stm32f10x_tim.o
    0x08001b10   0x08001b10   0x00000068   Code   RO         2636    i.TIM_SetCompare3   stm32f10x_tim.o
    0x08001b78   0x08001b78   0x00000068   Code   RO         2637    i.TIM_SetCompare4   stm32f10x_tim.o
    0x08001be0   0x08001be0   0x0000018c   Code   RO         2644    i.TIM_TimeBaseInit  stm32f10x_tim.o
    0x08001d6c   0x08001d6c   0x0000004c   Code   RO         3524    i.USART1_IRQHandler  motor.o
    0x08001db8   0x08001db8   0x0000004c   Code   RO         3643    i.USART2_IRQHandler  serial_openmv.o
    0x08001e04   0x08001e04   0x00000030   Code   RO         3484    i.USART3_IRQHandler  serialdebug.o
    0x08001e34   0x08001e34   0x000000c8   Code   RO         3109    i.USART_ClearITPendingBit  stm32f10x_usart.o
    0x08001efc   0x08001efc   0x0000008c   Code   RO         3112    i.USART_Cmd         stm32f10x_usart.o
    0x08001f88   0x08001f88   0x000000d0   Code   RO         3115    i.USART_GetFlagStatus  stm32f10x_usart.o
    0x08002058   0x08002058   0x0000012c   Code   RO         3116    i.USART_GetITStatus  stm32f10x_usart.o
    0x08002184   0x08002184   0x00000128   Code   RO         3118    i.USART_ITConfig    stm32f10x_usart.o
    0x080022ac   0x080022ac   0x000001f8   Code   RO         3119    i.USART_Init        stm32f10x_usart.o
    0x080024a4   0x080024a4   0x00000068   Code   RO         3126    i.USART_ReceiveData  stm32f10x_usart.o
    0x0800250c   0x0800250c   0x0000007c   Code   RO         3129    i.USART_SendData    stm32f10x_usart.o
    0x08002588   0x08002588   0x00000004   Code   RO          186    i.UsageFault_Handler  stm32f10x_it.o
    0x0800258c   0x0800258c   0x00000004   Code   RO            1    i.assert_failed     main.o
    0x08002590   0x08002590   0x0000000a   Code   RO         3864    i.get_flag_move     position.o
    0x0800259a   0x0800259a   0x0000000a   Code   RO         3865    i.get_flag_set0     position.o
    0x080025a4   0x080025a4   0x00000014   Code   RO         3866    i.get_position      position.o
    0x080025b8   0x080025b8   0x000000d4   Code   RO         3691    i.key_init          key.o
    0x0800268c   0x0800268c   0x0000014c   Code   RO         3692    i.key_read_color_plate_and_color_bottle  key.o
    0x080027d8   0x080027d8   0x00000014   Code   RO         3726    i.led_b_off         led.o
    0x080027ec   0x080027ec   0x00000014   Code   RO         3727    i.led_b_on          led.o
    0x08002800   0x08002800   0x00000064   Code   RO         3728    i.led_init          led.o
    0x08002864   0x08002864   0x00000014   Code   RO         3730    i.led_r_on          led.o
    0x08002878   0x08002878   0x000005fc   Code   RO            2    i.main              main.o
    0x08002e74   0x08002e74   0x000000a8   Code   RO         3762    i.motor_covering_round_init  motor_covering_round.o
    0x08002f1c   0x08002f1c   0x00000028   Code   RO         3763    i.motor_covering_round_off  motor_covering_round.o
    0x08002f44   0x08002f44   0x00000018   Code   RO         3525    i.motor_get_flag_arrive  motor.o
    0x08002f5c   0x08002f5c   0x00000018   Code   RO         3526    i.motor_get_flag_set0  motor.o
    0x08002f74   0x08002f74   0x000000d8   Code   RO         3527    i.motor_init        motor.o
    0x0800304c   0x0800304c   0x0000006c   Code   RO            3    i.motor_inter_get_flag_arrive  main.o
    0x080030b8   0x080030b8   0x00000020   Code   RO            4    i.motor_inter_get_flag_set0  main.o
    0x080030d8   0x080030d8   0x0000006a   Code   RO         3528    i.motor_move_position  motor.o
    0x08003142   0x08003142   0x00000002   PAD
    0x08003144   0x08003144   0x0000003c   Code   RO            5    i.motor_move_x      main.o
    0x08003180   0x08003180   0x0000003c   Code   RO            6    i.motor_move_y      main.o
    0x080031bc   0x080031bc   0x0000003c   Code   RO            7    i.motor_move_z      main.o
    0x080031f8   0x080031f8   0x0000008c   Code   RO         3530    i.motor_read_get_flag_arrive  motor.o
    0x08003284   0x08003284   0x00000098   Code   RO         3531    i.motor_read_get_flag_set0  motor.o
    0x0800331c   0x0800331c   0x00000020   Code   RO         3536    i.motor_send_get_flag_arrive  motor.o
    0x0800333c   0x0800333c   0x00000020   Code   RO         3537    i.motor_send_get_flag_set0  motor.o
    0x0800335c   0x0800335c   0x0000002c   Code   RO         3538    i.motor_set0        motor.o
    0x08003388   0x08003388   0x0000002c   Code   RO         3539    i.motor_stop        motor.o
    0x080033b4   0x080033b4   0x00000088   Code   RO         3867    i.move_to_xy        position.o
    0x0800343c   0x0800343c   0x0000004c   Code   RO         3868    i.move_to_z         position.o
    0x08003488   0x08003488   0x0000009c   Code   RO         3869    i.move_x            position.o
    0x08003524   0x08003524   0x0000009c   Code   RO         3870    i.move_y            position.o
    0x080035c0   0x080035c0   0x0000009c   Code   RO         3871    i.move_z            position.o
    0x0800365c   0x0800365c   0x000000c8   Code   RO         3644    i.openmv_init       serial_openmv.o
    0x08003724   0x08003724   0x00000068   Code   RO         3645    i.openmv_read       serial_openmv.o
    0x0800378c   0x0800378c   0x0000001a   Code   RO         3646    i.openmv_send       serial_openmv.o
    0x080037a6   0x080037a6   0x00000002   PAD
    0x080037a8   0x080037a8   0x000000e8   Code   RO         3872    i.position_initialize  position.o
    0x08003890   0x08003890   0x000000d0   Code   RO         3786    i.pump_init         pump.o
    0x08003960   0x08003960   0x00000028   Code   RO         3787    i.pump_off          pump.o
    0x08003988   0x08003988   0x00000028   Code   RO         3788    i.pump_on           pump.o
    0x080039b0   0x080039b0   0x00000028   Code   RO         3540    i.read_byte         motor.o
    0x080039d8   0x080039d8   0x00000028   Code   RO         3647    i.read_byte         serial_openmv.o
    0x08003a00   0x08003a00   0x0000006c   Code   RO         3810    i.servos_body_init  servos_body.o
    0x08003a6c   0x08003a6c   0x00000014   Code   RO         3811    i.servos_body_off   servos_body.o
    0x08003a80   0x08003a80   0x0000006c   Code   RO         3837    i.servos_covering_init  servos_covering.o
    0x08003aec   0x08003aec   0x00000014   Code   RO         3838    i.servos_covering_off  servos_covering.o
    0x08003b00   0x08003b00   0x00000062   Code   RO         3983    x$fpl$d2f           fz_ws.l(d2f.o)
    0x08003b62   0x08003b62   0x00000002   PAD
    0x08003b64   0x08003b64   0x00000150   Code   RO         3985    x$fpl$dadd          fz_ws.l(daddsub_clz.o)
    0x08003cb4   0x08003cb4   0x0000002e   Code   RO         3992    x$fpl$dflt          fz_ws.l(dflt_clz.o)
    0x08003ce2   0x08003ce2   0x00000026   Code   RO         3991    x$fpl$dfltu         fz_ws.l(dflt_clz.o)
    0x08003d08   0x08003d08   0x0000009c   Code   RO         4106    x$fpl$dnaninf       fz_ws.l(dnaninf.o)
    0x08003da4   0x08003da4   0x0000000c   Code   RO         4108    x$fpl$dretinf       fz_ws.l(dretinf.o)
    0x08003db0   0x08003db0   0x00000016   Code   RO         3986    x$fpl$drsb          fz_ws.l(daddsub_clz.o)
    0x08003dc6   0x08003dc6   0x00000002   PAD
    0x08003dc8   0x08003dc8   0x000001d4   Code   RO         3987    x$fpl$dsub          fz_ws.l(daddsub_clz.o)
    0x08003f9c   0x08003f9c   0x00000056   Code   RO         3997    x$fpl$f2d           fz_ws.l(f2d.o)
    0x08003ff2   0x08003ff2   0x00000002   PAD
    0x08003ff4   0x08003ff4   0x000000c4   Code   RO         3999    x$fpl$fadd          fz_ws.l(faddsub_clz.o)
    0x080040b8   0x080040b8   0x00000018   Code   RO         4110    x$fpl$fcmpinf       fz_ws.l(fcmpi.o)
    0x080040d0   0x080040d0   0x00000036   Code   RO         4005    x$fpl$ffix          fz_ws.l(ffix.o)
    0x08004106   0x08004106   0x00000002   PAD
    0x08004108   0x08004108   0x0000003e   Code   RO         4009    x$fpl$ffixu         fz_ws.l(ffixu.o)
    0x08004146   0x08004146   0x00000002   PAD
    0x08004148   0x08004148   0x00000030   Code   RO         4014    x$fpl$fflt          fz_ws.l(fflt_clz.o)
    0x08004178   0x08004178   0x00000068   Code   RO         4019    x$fpl$fleqf         fz_ws.l(fleqf.o)
    0x080041e0   0x080041e0   0x00000102   Code   RO         4021    x$fpl$fmul          fz_ws.l(fmul.o)
    0x080042e2   0x080042e2   0x0000008c   Code   RO         4112    x$fpl$fnaninf       fz_ws.l(fnaninf.o)
    0x0800436e   0x0800436e   0x0000000a   Code   RO         4114    x$fpl$fretinf       fz_ws.l(fretinf.o)
    0x08004378   0x08004378   0x00000062   Code   RO         4023    x$fpl$frleqf        fz_ws.l(frleqf.o)
    0x080043da   0x080043da   0x00000002   PAD
    0x080043dc   0x080043dc   0x000000ea   Code   RO         4001    x$fpl$fsub          fz_ws.l(faddsub_clz.o)
    0x080044c6   0x080044c6   0x00000000   Code   RO         4116    x$fpl$usenofp       fz_ws.l(usenofp.o)
    0x080044c6   0x080044c6   0x00000002   PAD
    0x080044c8   0x080044c8   0x00000030   Data   RO            9    .constdata          main.o
    0x080044f8   0x080044f8   0x00000020   Data   RO         4241    Region$$Table       anon$$obj.o


    Execution Region RW_IRAM1 (Exec base: 0x20000000, Load base: 0x08004518, Size: 0x00000690, Max: 0x00005000, ABSOLUTE)

    Exec Addr    Load Addr    Size         Type   Attr      Idx    E Section Name        Object

    0x20000000   0x08004518   0x00000003   Data   RW           10    .data               main.o
    0x20000003   0x0800451b   0x00000014   Data   RW         1957    .data               stm32f10x_rcc.o
    0x20000017   0x0800452f   0x00000001   Data   RW         3485    .data               serialdebug.o
    0x20000018        -       0x00000018   Zero   RW            8    .bss                main.o
    0x20000030        -       0x00000060   Zero   RW         4120    .bss                c_w.l(libspace.o)
    0x20000090        -       0x00000200   Zero   RW          253    HEAP                startup_stm32f10x_md.o
    0x20000290        -       0x00000400   Zero   RW          252    STACK               startup_stm32f10x_md.o


==============================================================================

Image component sizes


      Code (inc. data)   RO Data    RW Data    ZI Data      Debug   Object Name

         0          0          0          0          0         32   core_cm3.o
        70          0          0          0          0        906   delay.o
       700         16          0          0          0       2894   key.o
       160         16          0          0          0       1833   led.o
      1856        180         48          3         24     262414   main.o
       268         56          0          0          0       3139   misc.o
       988         40          0          0          0       8565   motor.o
       208         20          0          0          0       1195   motor_covering_round.o
       952         68          0          0          0       7962   position.o
       288         26          0          0          0       1581   pump.o
       504         32          0          0          0       4629   serial_openmv.o
       228         20          0          1          0       1337   serialdebug.o
       128         12          0          0          0       1073   servos_body.o
       128         12          0          0          0       1105   servos_covering.o
        64         26        236          0       1536        784   startup_stm32f10x_md.o
       452         64          0          0          0       3783   stm32f10x_exti.o
      1152        264          0          0          0      12886   stm32f10x_gpio.o
        26          0          0          0          0       3666   stm32f10x_it.o
       420         88          0         20          0      13054   stm32f10x_rcc.o
      3116        688          0          0          0      28870   stm32f10x_tim.o
      1876        398          0          0          0      13171   stm32f10x_usart.o
       328         28          0          0          0       1789   system_stm32f10x.o

    ----------------------------------------------------------------------
     13924       2054        316         24       1560     376668   Object Totals
         0          0         32          0          0          0   (incl. Generated)
        12          0          0          0          0          0   (incl. Padding)

    ----------------------------------------------------------------------

      Code (inc. data)   RO Data    RW Data    ZI Data      Debug   Library Member Name

         8          0          0          0          0         68   __main.o
         0          0          0          0          0          0   __rtentry.o
        12          0          0          0          0          0   __rtentry2.o
         6          0          0          0          0          0   __rtentry4.o
        52          8          0          0          0          0   __scatter.o
        26          0          0          0          0          0   __scatter_copy.o
        28          0          0          0          0          0   __scatter_zi.o
        10          0          0          0          0         68   defsig_exit.o
        50          0          0          0          0         88   defsig_general.o
        80         58          0          0          0         76   defsig_rtmem_inner.o
        14          0          0          0          0         80   defsig_rtmem_outer.o
        18          0          0          0          0         80   exit.o
        94          0          0          0          0         80   h1_alloc.o
        52          0          0          0          0         68   h1_extend.o
        78          0          0          0          0         80   h1_free.o
        14          0          0          0          0         84   h1_init.o
         6          0          0          0          0        152   heapauxi.o
         4          0          0          0          0        136   hguard.o
         0          0          0          0          0          0   indicate_semi.o
       138          0          0          0          0        168   init_alloc.o
         2          0          0          0          0          0   libinit.o
        10          0          0          0          0          0   libinit2.o
         2          0          0          0          0          0   libshutdown.o
         2          0          0          0          0          0   libshutdown2.o
         8          4          0          0         96         68   libspace.o
         0          0          0          0          0          0   maybetermalloc1.o
         8          4          0          0          0         68   rt_heap_descriptor_intlibspace.o
       100          0          0          0          0         80   rt_memcpy_w.o
         2          0          0          0          0          0   rtexit.o
        10          0          0          0          0          0   rtexit2.o
        12          4          0          0          0         68   sys_exit.o
        74          0          0          0          0         80   sys_stackheap_outer.o
        14          0          0          0          0         76   sys_wrch.o
         2          0          0          0          0         68   use_no_semi.o
        98          4          0          0          0         92   d2f.o
       826         16          0          0          0        348   daddsub_clz.o
        84          0          0          0          0        136   dflt_clz.o
       156          4          0          0          0         92   dnaninf.o
        12          0          0          0          0         68   dretinf.o
        86          4          0          0          0         84   f2d.o
       430          8          0          0          0        168   faddsub_clz.o
        24          0          0          0          0         68   fcmpi.o
        54          4          0          0          0         84   ffix.o
        62          4          0          0          0         84   ffixu.o
        48          0          0          0          0         68   fflt_clz.o
       104          4          0          0          0         84   fleqf.o
       258          4          0          0          0         84   fmul.o
       140          4          0          0          0         84   fnaninf.o
        10          0          0          0          0         68   fretinf.o
        98          0          0          0          0         68   frleqf.o
         0          0          0          0          0          0   usenofp.o

    ----------------------------------------------------------------------
      3448        134          0          0         96       3416   Library Totals
        22          0          0          0          0          0   (incl. Padding)

    ----------------------------------------------------------------------

      Code (inc. data)   RO Data    RW Data    ZI Data      Debug   Library Name

       936         78          0          0         96       1736   c_w.l
      2490         56          0          0          0       1680   fz_ws.l

    ----------------------------------------------------------------------
      3448        134          0          0         96       3416   Library Totals

    ----------------------------------------------------------------------

==============================================================================


      Code (inc. data)   RO Data    RW Data    ZI Data      Debug   

     17372       2188        316         24       1656     373112   Grand Totals
     17372       2188        316         24       1656     373112   ELF Image Totals
     17372       2188        316         24          0          0   ROM Totals

==============================================================================

    Total RO  Size (Code + RO Data)                17688 (  17.27kB)
    Total RW  Size (RW Data + ZI Data)              1680 (   1.64kB)
    Total ROM Size (Code + RO Data + RW Data)      17712 (  17.30kB)

==============================================================================

